../Core/Src/config.c:18:6:print_msg	16	static
../Core/Src/config.c:22:6:uart_send_bin	16	static
../Core/Src/config.c:30:6:SystemClock_Config	88	static
../Core/Src/config.c:77:6:MX_DCMI_Init	8	static
../Core/Src/config.c:114:6:MX_I2C2_Init	8	static
../Core/Src/config.c:148:6:MX_TIM1_Init	80	static
../Core/Src/config.c:213:6:MX_TIM6_Init	16	static
../Core/Src/config.c:251:6:MX_USART3_UART_Init	8	static
../Core/Src/config.c:284:6:MX_USB_OTG_FS_PCD_Init	8	static
../Core/Src/config.c:317:6:MX_DMA_Init	16	static
../Core/Src/config.c:335:6:MX_GPIO_Init	64	static
../Core/Src/config.c:396:6:Error_Handler	4	static,ignoring_inline_asm
