../Core/Src/main.c:41:6:print_bb	128	static
../Core/Src/main.c:58:6:print_ss	120	static
../Core/Src/main.c:76:6:send_frame	56	static
../Core/Src/main.c:93:6:send_img_rgb565	168	static
../Core/Src/main.c:123:6:p3	8	static
../Core/Src/main.c:139:6:p4	8	static
../Core/Src/main.c:155:6:create_red_img	16	static
../Core/Src/main.c:165:6:create_red_green_blue_img	16	static
../Core/Src/main.c:178:6:create_vertical_stripes_img	24	static
../Core/Src/main.c:202:6:create_checkerboard_img	24	static
../Core/Src/main.c:227:5:main	112	static
