../Core/Src/config.c:6:6:print_msg	16	static
../Core/Src/config.c:15:6:SystemClock_Config	88	static
../Core/Src/config.c:62:7:MX_DCMI_Init	8	static
../Core/Src/config.c:99:7:MX_I2C2_Init	8	static
../Core/Src/config.c:133:7:MX_TIM1_Init	80	static
../Core/Src/config.c:198:7:MX_TIM6_Init	16	static
../Core/Src/config.c:236:7:MX_USART3_UART_Init	8	static
../Core/Src/config.c:269:7:MX_USB_OTG_FS_PCD_Init	8	static
../Core/Src/config.c:302:7:MX_DMA_Init	16	static
../Core/Src/config.c:324:7:MX_GPIO_Init	64	static
../Core/Src/config.c:387:6:Error_Handler	4	static,ignoring_inline_asm
