../Core/Src/main.c:79:6:print_msg	16	static
../Core/Src/main.c:89:5:main	8	static
../Core/Src/main.c:146:6:SystemClock_Config	88	static
../Core/Src/main.c:193:13:MX_DCMI_Init	8	static
../Core/Src/main.c:230:13:MX_I2C2_Init	8	static
../Core/Src/main.c:264:13:MX_TIM1_Init	80	static
../Core/Src/main.c:329:13:MX_TIM6_Init	16	static
../Core/Src/main.c:367:13:MX_USART3_UART_Init	8	static
../Core/Src/main.c:400:13:MX_USB_OTG_FS_PCD_Init	8	static
../Core/Src/main.c:433:13:MX_DMA_Init	16	static
../Core/Src/main.c:455:13:MX_GPIO_Init	64	static
../Core/Src/main.c:518:6:Error_Handler	4	static,ignoring_inline_asm
