../Core/Src/main.c:75:19:print_msg	16	static
../Core/Src/main.c:79:19:uart_send_bin	16	static
../Core/Src/main.c:89:5:main	8	static
../Core/Src/main.c:143:6:SystemClock_Config	88	static
../Core/Src/main.c:190:13:MX_DCMI_Init	8	static
../Core/Src/main.c:227:13:MX_I2C2_Init	8	static
../Core/Src/main.c:261:13:MX_TIM1_Init	80	static
../Core/Src/main.c:326:13:MX_TIM6_Init	16	static
../Core/Src/main.c:364:13:MX_USART3_UART_Init	8	static
../Core/Src/main.c:397:13:MX_USB_OTG_FS_PCD_Init	8	static
../Core/Src/main.c:430:13:MX_DMA_Init	16	static
../Core/Src/main.c:452:13:MX_GPIO_Init	64	static
../Core/Src/main.c:515:6:Error_Handler	4	static,ignoring_inline_asm
