../Core/Src/main.c:76:6:PCA9685_SetBit	40	static
../Core/Src/main.c:87:6:PCA9685_SetPWMFrequency	40	static
../Core/Src/main.c:101:6:PCA9685_Init	16	static
../Core/Src/main.c:107:6:PCA9685_SetPWM	40	static
../Core/Src/main.c:120:6:PCA9685_SetServoAngle	24	static
../Core/Src/main.c:137:5:main	8	static
../Core/Src/main.c:191:6:SystemClock_Config	88	static
../Core/Src/main.c:238:13:MX_I2C2_Init	8	static
../Core/Src/main.c:272:13:MX_USART3_UART_Init	8	static
../Core/Src/main.c:305:13:MX_USB_OTG_FS_PCD_Init	8	static
../Core/Src/main.c:338:13:MX_DMA_Init	16	static
../Core/Src/main.c:356:13:MX_GPIO_Init	56	static
../Core/Src/main.c:415:6:Error_Handler	4	static,ignoring_inline_asm
