../Core/Src/config.c:10:6:print_msg	16	static
../Core/Src/config.c:14:6:flashLED	32	static
../Core/Src/config.c:27:6:SystemClock_Config	88	static
../Core/Src/config.c:74:7:MX_ADC1_Init	24	static
../Core/Src/config.c:126:7:MX_DCMI_Init	8	static
../Core/Src/config.c:163:7:MX_I2C1_Init	8	static
../Core/Src/config.c:197:7:MX_I2C2_Init	8	static
../Core/Src/config.c:231:7:MX_TIM1_Init	80	static
../Core/Src/config.c:296:7:MX_TIM2_Init	32	static
../Core/Src/config.c:341:7:MX_TIM6_Init	16	static
../Core/Src/config.c:379:7:MX_USART3_UART_Init	8	static
../Core/Src/config.c:412:7:MX_USB_OTG_FS_USB_Init	4	static
../Core/Src/config.c:431:7:MX_DMA_Init	16	static
../Core/Src/config.c:452:7:MX_GPIO_Init	64	static
../Core/Src/config.c:540:6:Error_Handler	4	static,ignoring_inline_asm
../Core/Src/config.c:561:6:assert_failed	72	static,ignoring_inline_asm
