Component: Arm Compiler for Embedded 6.22 Tool: armlink [5ee90200]

==============================================================================

Section Cross References

    startup_stm32f446xx.o(STACK) refers (Special) to heapauxi.o(.text) for __use_two_region_memory
    startup_stm32f446xx.o(HEAP) refers (Special) to heapauxi.o(.text) for __use_two_region_memory
    startup_stm32f446xx.o(RESET) refers (Special) to heapauxi.o(.text) for __use_two_region_memory
    startup_stm32f446xx.o(RESET) refers to startup_stm32f446xx.o(STACK) for __initial_sp
    startup_stm32f446xx.o(RESET) refers to startup_stm32f446xx.o(.text) for Reset_Handler
    startup_stm32f446xx.o(RESET) refers to stm32f4xx_it_1.o(.text.NMI_Handler) for NMI_Handler
    startup_stm32f446xx.o(RESET) refers to stm32f4xx_it_1.o(.text.HardFault_Handler) for HardFault_Handler
    startup_stm32f446xx.o(RESET) refers to stm32f4xx_it_1.o(.text.MemManage_Handler) for MemManage_Handler
    startup_stm32f446xx.o(RESET) refers to stm32f4xx_it_1.o(.text.BusFault_Handler) for BusFault_Handler
    startup_stm32f446xx.o(RESET) refers to stm32f4xx_it_1.o(.text.UsageFault_Handler) for UsageFault_Handler
    startup_stm32f446xx.o(RESET) refers to stm32f4xx_it_1.o(.text.SVC_Handler) for SVC_Handler
    startup_stm32f446xx.o(RESET) refers to stm32f4xx_it_1.o(.text.DebugMon_Handler) for DebugMon_Handler
    startup_stm32f446xx.o(RESET) refers to stm32f4xx_it_1.o(.text.PendSV_Handler) for PendSV_Handler
    startup_stm32f446xx.o(RESET) refers to stm32f4xx_it_1.o(.text.SysTick_Handler) for SysTick_Handler
    startup_stm32f446xx.o(RESET) refers to stm32f4xx_it_1.o(.text.EXTI4_IRQHandler) for EXTI4_IRQHandler
    startup_stm32f446xx.o(RESET) refers to stm32f4xx_it_1.o(.text.EXTI9_5_IRQHandler) for EXTI9_5_IRQHandler
    startup_stm32f446xx.o(RESET) refers to stm32f4xx_it_1.o(.text.EXTI15_10_IRQHandler) for EXTI15_10_IRQHandler
    startup_stm32f446xx.o(RESET) refers to stm32f4xx_it_1.o(.text.DMA2_Stream0_IRQHandler) for DMA2_Stream0_IRQHandler
    startup_stm32f446xx.o(.text) refers (Special) to heapauxi.o(.text) for __use_two_region_memory
    startup_stm32f446xx.o(.text) refers to system_stm32f4xx.o(.text.SystemInit) for SystemInit
    startup_stm32f446xx.o(.text) refers to __main.o(!!!main) for __main
    startup_stm32f446xx.o(.text) refers to startup_stm32f446xx.o(HEAP) for Heap_Mem
    startup_stm32f446xx.o(.text) refers to startup_stm32f446xx.o(STACK) for Stack_Mem
    stm32f4xx_hal_adc.o(.text.HAL_ADC_Init) refers to stm32f4xx_hal_msp_1.o(.text.HAL_ADC_MspInit) for HAL_ADC_MspInit
    stm32f4xx_hal_adc.o(.ARM.exidx.text.HAL_ADC_Init) refers to stm32f4xx_hal_adc.o(.text.HAL_ADC_Init) for [Anonymous Symbol]
    stm32f4xx_hal_adc.o(.ARM.exidx.text.HAL_ADC_MspInit) refers to stm32f4xx_hal_adc.o(.text.HAL_ADC_MspInit) for [Anonymous Symbol]
    stm32f4xx_hal_adc.o(.text.HAL_ADC_DeInit) refers to stm32f4xx_hal_msp_1.o(.text.HAL_ADC_MspDeInit) for HAL_ADC_MspDeInit
    stm32f4xx_hal_adc.o(.ARM.exidx.text.HAL_ADC_DeInit) refers to stm32f4xx_hal_adc.o(.text.HAL_ADC_DeInit) for [Anonymous Symbol]
    stm32f4xx_hal_adc.o(.ARM.exidx.text.HAL_ADC_MspDeInit) refers to stm32f4xx_hal_adc.o(.text.HAL_ADC_MspDeInit) for [Anonymous Symbol]
    stm32f4xx_hal_adc.o(.text.HAL_ADC_Start) refers to system_stm32f4xx.o(.data.SystemCoreClock) for SystemCoreClock
    stm32f4xx_hal_adc.o(.ARM.exidx.text.HAL_ADC_Start) refers to stm32f4xx_hal_adc.o(.text.HAL_ADC_Start) for [Anonymous Symbol]
    stm32f4xx_hal_adc.o(.ARM.exidx.text.HAL_ADC_Stop) refers to stm32f4xx_hal_adc.o(.text.HAL_ADC_Stop) for [Anonymous Symbol]
    stm32f4xx_hal_adc.o(.text.HAL_ADC_PollForConversion) refers to stm32f4xx_hal.o(.text.HAL_GetTick) for HAL_GetTick
    stm32f4xx_hal_adc.o(.ARM.exidx.text.HAL_ADC_PollForConversion) refers to stm32f4xx_hal_adc.o(.text.HAL_ADC_PollForConversion) for [Anonymous Symbol]
    stm32f4xx_hal_adc.o(.text.HAL_ADC_PollForEvent) refers to stm32f4xx_hal.o(.text.HAL_GetTick) for HAL_GetTick
    stm32f4xx_hal_adc.o(.ARM.exidx.text.HAL_ADC_PollForEvent) refers to stm32f4xx_hal_adc.o(.text.HAL_ADC_PollForEvent) for [Anonymous Symbol]
    stm32f4xx_hal_adc.o(.text.HAL_ADC_Start_IT) refers to system_stm32f4xx.o(.data.SystemCoreClock) for SystemCoreClock
    stm32f4xx_hal_adc.o(.ARM.exidx.text.HAL_ADC_Start_IT) refers to stm32f4xx_hal_adc.o(.text.HAL_ADC_Start_IT) for [Anonymous Symbol]
    stm32f4xx_hal_adc.o(.ARM.exidx.text.HAL_ADC_Stop_IT) refers to stm32f4xx_hal_adc.o(.text.HAL_ADC_Stop_IT) for [Anonymous Symbol]
    stm32f4xx_hal_adc.o(.text.HAL_ADC_IRQHandler) refers to main_1.o(.text.HAL_ADC_ConvCpltCallback) for HAL_ADC_ConvCpltCallback
    stm32f4xx_hal_adc.o(.text.HAL_ADC_IRQHandler) refers to stm32f4xx_hal_adc_ex.o(.text.HAL_ADCEx_InjectedConvCpltCallback) for HAL_ADCEx_InjectedConvCpltCallback
    stm32f4xx_hal_adc.o(.text.HAL_ADC_IRQHandler) refers to stm32f4xx_hal_adc.o(.text.HAL_ADC_ErrorCallback) for HAL_ADC_ErrorCallback
[...]
    Removing system_stm32f4xx.o(.ARM.exidx.text.SystemCoreClockUpdate), (8 bytes).
    Removing config_1.o(.text), (0 bytes).
    Removing config_1.o(.ARM.exidx.text.print_msg), (8 bytes).
    Removing config_1.o(.ARM.exidx.text.SystemClock_Config), (8 bytes).
    Removing config_1.o(.ARM.exidx.text.Error_Handler), (8 bytes).
    Removing config_1.o(.ARM.exidx.text.MX_ADC1_Init), (8 bytes).
    Removing config_1.o(.ARM.exidx.text.MX_TIM2_Init), (8 bytes).
    Removing config_1.o(.ARM.exidx.text.MX_USART3_UART_Init), (8 bytes).
    Removing config_1.o(.ARM.exidx.text.MX_USB_OTG_FS_PCD_Init), (8 bytes).
    Removing config_1.o(.ARM.exidx.text.MX_DMA_Init), (8 bytes).
    Removing config_1.o(.ARM.exidx.text.MX_GPIO_Init), (8 bytes).
    Removing main_1.o(.text), (0 bytes).
    Removing main_1.o(.ARM.exidx.text.main), (8 bytes).
    Removing main_1.o(.ARM.exidx.text.HAL_ADC_ConvCpltCallback), (8 bytes).
    Removing main_1.o(.bss.adc_res), (2 bytes).
    Removing main_1.o(.ARM.use_no_argv), (4 bytes).
    Removing stm32f4xx_hal_msp_1.o(.text), (0 bytes).
    Removing stm32f4xx_hal_msp_1.o(.ARM.exidx.text.HAL_MspInit), (8 bytes).
    Removing stm32f4xx_hal_msp_1.o(.ARM.exidx.text.HAL_ADC_MspInit), (8 bytes).
    Removing stm32f4xx_hal_msp_1.o(.text.HAL_ADC_MspDeInit), (56 bytes).
    Removing stm32f4xx_hal_msp_1.o(.ARM.exidx.text.HAL_ADC_MspDeInit), (8 bytes).
    Removing stm32f4xx_hal_msp_1.o(.ARM.exidx.text.HAL_TIM_Base_MspInit), (8 bytes).
    Removing stm32f4xx_hal_msp_1.o(.text.HAL_TIM_Base_MspDeInit), (28 bytes).
    Removing stm32f4xx_hal_msp_1.o(.ARM.exidx.text.HAL_TIM_Base_MspDeInit), (8 bytes).
    Removing stm32f4xx_hal_msp_1.o(.ARM.exidx.text.HAL_UART_MspInit), (8 bytes).
    Removing stm32f4xx_hal_msp_1.o(.text.HAL_UART_MspDeInit), (44 bytes).
    Removing stm32f4xx_hal_msp_1.o(.ARM.exidx.text.HAL_UART_MspDeInit), (8 bytes).
    Removing stm32f4xx_hal_msp_1.o(.ARM.exidx.text.HAL_PCD_MspInit), (8 bytes).
    Removing stm32f4xx_hal_msp_1.o(.text.HAL_PCD_MspDeInit), (40 bytes).
    Removing stm32f4xx_hal_msp_1.o(.ARM.exidx.text.HAL_PCD_MspDeInit), (8 bytes).
    Removing stm32f4xx_it_1.o(.text), (0 bytes).
    Removing stm32f4xx_it_1.o(.ARM.exidx.text.NMI_Handler), (8 bytes).
    Removing stm32f4xx_it_1.o(.ARM.exidx.text.HardFault_Handler), (8 bytes).
    Removing stm32f4xx_it_1.o(.ARM.exidx.text.MemManage_Handler), (8 bytes).
    Removing stm32f4xx_it_1.o(.ARM.exidx.text.BusFault_Handler), (8 bytes).
    Removing stm32f4xx_it_1.o(.ARM.exidx.text.UsageFault_Handler), (8 bytes).
    Removing stm32f4xx_it_1.o(.ARM.exidx.text.SVC_Handler), (8 bytes).
    Removing stm32f4xx_it_1.o(.ARM.exidx.text.DebugMon_Handler), (8 bytes).
    Removing stm32f4xx_it_1.o(.ARM.exidx.text.PendSV_Handler), (8 bytes).
    Removing stm32f4xx_it_1.o(.ARM.exidx.text.SysTick_Handler), (8 bytes).
    Removing stm32f4xx_it_1.o(.ARM.exidx.text.EXTI4_IRQHandler), (8 bytes).
    Removing stm32f4xx_it_1.o(.ARM.exidx.text.EXTI9_5_IRQHandler), (8 bytes).
    Removing stm32f4xx_it_1.o(.ARM.exidx.text.EXTI15_10_IRQHandler), (8 bytes).
    Removing stm32f4xx_it_1.o(.ARM.exidx.text.DMA2_Stream0_IRQHandler), (8 bytes).

1013 unused section(s) (total 61528 bytes) removed from the image.

==============================================================================

Image Symbol Table

    Local Symbols

    Symbol Name                              Value     Ov Type        Size  Object(Section)

    ../clib/angel/boardlib.s                 0x00000000   Number         0  boardinit1.o ABSOLUTE
    ../clib/angel/boardlib.s                 0x00000000   Number         0  boardinit2.o ABSOLUTE
    ../clib/angel/boardlib.s                 0x00000000   Number         0  boardinit3.o ABSOLUTE
    ../clib/angel/boardlib.s                 0x00000000   Number         0  boardshut.o ABSOLUTE
    ../clib/angel/handlers.s                 0x00000000   Number         0  __scatter_copy.o ABSOLUTE
    ../clib/angel/handlers.s                 0x00000000   Number         0  __scatter_zi.o ABSOLUTE
    ../clib/angel/kernel.s                   0x00000000   Number         0  __rtentry.o ABSOLUTE
    ../clib/angel/kernel.s                   0x00000000   Number         0  __rtentry2.o ABSOLUTE
    ../clib/angel/kernel.s                   0x00000000   Number         0  __rtentry4.o ABSOLUTE
    ../clib/angel/kernel.s                   0x00000000   Number         0  rtexit.o ABSOLUTE
    ../clib/angel/kernel.s                   0x00000000   Number         0  rtexit2.o ABSOLUTE
    ../clib/angel/rt.s                       0x00000000   Number         0  aeabi_ldiv0.o ABSOLUTE
    ../clib/angel/rt.s                       0x00000000   Number         0  aeabi_ldiv0_sigfpe.o ABSOLUTE
    ../clib/angel/rt.s                       0x00000000   Number         0  rt_div0.o ABSOLUTE
    ../clib/angel/rt.s                       0x00000000   Number         0  rt_raise.o ABSOLUTE
    ../clib/angel/scatter.s                  0x00000000   Number         0  __scatter.o ABSOLUTE
    ../clib/angel/startup.s                  0x00000000   Number         0  __main.o ABSOLUTE
    ../clib/angel/sys.s                      0x00000000   Number         0  sys_stackheap_outer.o ABSOLUTE
    ../clib/angel/sys.s                      0x00000000   Number         0  libspace.o ABSOLUTE
    ../clib/angel/sys.s                      0x00000000   Number         0  use_no_semi.o ABSOLUTE
    ../clib/angel/sys.s                      0x00000000   Number         0  indicate_semi.o ABSOLUTE
    ../clib/angel/sysapp.c                   0x00000000   Number         0  sys_exit.o ABSOLUTE
    ../clib/angel/sysapp.c                   0x00000000   Number         0  sys_exit_hlt.o ABSOLUTE
    ../clib/angel/sysapp.c                   0x00000000   Number         0  sys_wrch.o ABSOLUTE
    ../clib/angel/sysapp.c                   0x00000000   Number         0  sys_wrch_hlt.o ABSOLUTE
    ../clib/angel/sysapp.c                   0x00000000   Number         0  sys_command.o ABSOLUTE
    ../clib/angel/sysapp.c                   0x00000000   Number         0  sys_command_hlt.o ABSOLUTE
    ../clib/armsys.c                         0x00000000   Number         0  argv_veneer.o ABSOLUTE
    ../clib/armsys.c                         0x00000000   Number         0  argv_veneer.o ABSOLUTE
    ../clib/armsys.c                         0x00000000   Number         0  _get_argv_nomalloc.o ABSOLUTE
    ../clib/armsys.c                         0x00000000   Number         0  no_argv.o ABSOLUTE
    ../clib/heapalloc.c                      0x00000000   Number         0  hrguard.o ABSOLUTE
    ../clib/heapaux.c                        0x00000000   Number         0  heapauxi.o ABSOLUTE
    ../clib/libinit.s                        0x00000000   Number         0  libinit.o ABSOLUTE
    ../clib/libinit.s                        0x00000000   Number         0  libinit2.o ABSOLUTE
    ../clib/libinit.s                        0x00000000   Number         0  libshutdown.o ABSOLUTE
    ../clib/libinit.s                        0x00000000   Number         0  libshutdown2.o ABSOLUTE
    ../clib/longlong.s                       0x00000000   Number         0  lludivv7m.o ABSOLUTE
    ../clib/memcpset.s                       0x00000000   Number         0  rt_memclr_w.o ABSOLUTE
    ../clib/printf.c                         0x00000000   Number         0  __2sprintf.o ABSOLUTE
    ../clib/printf.c                         0x00000000   Number         0  noretval__2sprintf.o ABSOLUTE
    ../clib/printf.c                         0x00000000   Number         0  __printf.o ABSOLUTE
    ../clib/printf.c                         0x00000000   Number         0  _printf_dec.o ABSOLUTE
    ../clib/printf.c                         0x00000000   Number         0  __printf_flags.o ABSOLUTE
    ../clib/printf.c                         0x00000000   Number         0  __printf_ss.o ABSOLUTE
    ../clib/printf.c                         0x00000000   Number         0  __printf_flags_ss.o ABSOLUTE
    ../clib/printf.c                         0x00000000   Number         0  __printf_wp.o ABSOLUTE
    ../clib/printf.c                         0x00000000   Number         0  __printf_flags_wp.o ABSOLUTE
    ../clib/printf.c                         0x00000000   Number         0  __printf_ss_wp.o ABSOLUTE
    ../clib/printf.c                         0x00000000   Number         0  __printf_flags_ss_wp.o ABSOLUTE
    ../clib/printf.c                         0x00000000   Number         0  _printf_intcommon.o ABSOLUTE
    ../clib/printf.c                         0x00000000   Number         0  _printf_char_common.o ABSOLUTE
    ../clib/printf.c                         0x00000000   Number         0  _sputc.o ABSOLUTE
    ../clib/printf.c                         0x00000000   Number         0  __printf_nopercent.o ABSOLUTE
    ../clib/printf_percent.s                 0x00000000   Number         0  _printf_d.o ABSOLUTE
    ../clib/printf_percent.s                 0x00000000   Number         0  _printf_u.o ABSOLUTE
    ../clib/printf_percent.s                 0x00000000   Number         0  _printf_percent.o ABSOLUTE
    ../clib/printf_percent.s                 0x00000000   Number         0  _printf_percent_end.o ABSOLUTE
    ../clib/signal.c                         0x00000000   Number         0  defsig_fpe_outer.o ABSOLUTE
    ../clib/signal.c                         0x00000000   Number         0  defsig_fpe_formal.o ABSOLUTE
    ../clib/signal.c                         0x00000000   Number         0  defsig_exit.o ABSOLUTE
    ../clib/signal.c                         0x00000000   Number         0  defsig_fpe_inner.o ABSOLUTE
    ../clib/signal.c                         0x00000000   Number         0  __raise.o ABSOLUTE
    ../clib/signal.c                         0x00000000   Number         0  defsig_general.o ABSOLUTE
    ../clib/signal.c                         0x00000000   Number         0  defsig_abrt_inner.o ABSOLUTE
    ../clib/signal.c                         0x00000000   Number         0  defsig_rtred_inner.o ABSOLUTE
    ../clib/signal.c                         0x00000000   Number         0  defsig_rtmem_inner.o ABSOLUTE
    ../clib/signal.c                         0x00000000   Number         0  defsig_rtmem_outer.o ABSOLUTE
    ../clib/signal.c                         0x00000000   Number         0  defsig_rtmem_formal.o ABSOLUTE
    ../clib/signal.c                         0x00000000   Number         0  defsig_stak_inner.o ABSOLUTE
    ../clib/signal.c                         0x00000000   Number         0  defsig_pvfn_inner.o ABSOLUTE
    ../clib/signal.c                         0x00000000   Number         0  defsig_cppl_inner.o ABSOLUTE
    ../clib/signal.c                         0x00000000   Number         0  defsig_segv_inner.o ABSOLUTE
    ../clib/signal.c                         0x00000000   Number         0  defsig_other.o ABSOLUTE
    ../clib/signal.s                         0x00000000   Number         0  defsig.o ABSOLUTE
    ../clib/stdlib.c                         0x00000000   Number         0  exit.o ABSOLUTE
    ../clib/string.c                         0x00000000   Number         0  strlen.o ABSOLUTE
    ../fplib/fpinit.s                        0x00000000   Number         0  fpinit.o ABSOLUTE
    config.c                                 0x00000000   Number         0  config_1.o ABSOLUTE
    dc.s                                     0x00000000   Number         0  dc.o ABSOLUTE
    main.c                                   0x00000000   Number         0  main_1.o ABSOLUTE
    startup_stm32f446xx.s                    0x00000000   Number         0  startup_stm32f446xx.o ABSOLUTE
    stm32f4xx_hal.c                          0x00000000   Number         0  stm32f4xx_hal.o ABSOLUTE
    stm32f4xx_hal_adc.c                      0x00000000   Number         0  stm32f4xx_hal_adc.o ABSOLUTE
    stm32f4xx_hal_adc_ex.c                   0x00000000   Number         0  stm32f4xx_hal_adc_ex.o ABSOLUTE
    stm32f4xx_hal_cortex.c                   0x00000000   Number         0  stm32f4xx_hal_cortex.o ABSOLUTE
    stm32f4xx_hal_dma.c                      0x00000000   Number         0  stm32f4xx_hal_dma.o ABSOLUTE
    stm32f4xx_hal_dma_ex.c                   0x00000000   Number         0  stm32f4xx_hal_dma_ex.o ABSOLUTE
    stm32f4xx_hal_exti.c                     0x00000000   Number         0  stm32f4xx_hal_exti.o ABSOLUTE
    stm32f4xx_hal_flash.c                    0x00000000   Number         0  stm32f4xx_hal_flash.o ABSOLUTE
    stm32f4xx_hal_flash_ex.c                 0x00000000   Number         0  stm32f4xx_hal_flash_ex.o ABSOLUTE
    stm32f4xx_hal_flash_ramfunc.c            0x00000000   Number         0  stm32f4xx_hal_flash_ramfunc.o ABSOLUTE
    stm32f4xx_hal_gpio.c                     0x00000000   Number         0  stm32f4xx_hal_gpio.o ABSOLUTE
    stm32f4xx_hal_msp.c                      0x00000000   Number         0  stm32f4xx_hal_msp_1.o ABSOLUTE
    stm32f4xx_hal_pcd.c                      0x00000000   Number         0  stm32f4xx_hal_pcd.o ABSOLUTE
    stm32f4xx_hal_pcd_ex.c                   0x00000000   Number         0  stm32f4xx_hal_pcd_ex.o ABSOLUTE
    stm32f4xx_hal_pwr.c                      0x00000000   Number         0  stm32f4xx_hal_pwr.o ABSOLUTE
    stm32f4xx_hal_pwr_ex.c                   0x00000000   Number         0  stm32f4xx_hal_pwr_ex.o ABSOLUTE
    stm32f4xx_hal_rcc.c                      0x00000000   Number         0  stm32f4xx_hal_rcc.o ABSOLUTE
    stm32f4xx_hal_rcc_ex.c                   0x00000000   Number         0  stm32f4xx_hal_rcc_ex.o ABSOLUTE
    stm32f4xx_hal_tim.c                      0x00000000   Number         0  stm32f4xx_hal_tim.o ABSOLUTE
    stm32f4xx_hal_tim_ex.c                   0x00000000   Number         0  stm32f4xx_hal_tim_ex.o ABSOLUTE
    stm32f4xx_hal_uart.c                     0x00000000   Number         0  stm32f4xx_hal_uart.o ABSOLUTE
    stm32f4xx_it.c                           0x00000000   Number         0  stm32f4xx_it_1.o ABSOLUTE
    stm32f4xx_ll_adc.c                       0x00000000   Number         0  stm32f4xx_ll_adc.o ABSOLUTE
    stm32f4xx_ll_usb.c                       0x00000000   Number         0  stm32f4xx_ll_usb.o ABSOLUTE
    system_stm32f4xx.c                       0x00000000   Number         0  system_stm32f4xx.o ABSOLUTE
    RESET                                    0x08000000   Section      452  startup_stm32f446xx.o(RESET)
    !!!main                                  0x080001c4   Section        8  __main.o(!!!main)
    !!!scatter                               0x080001cc   Section       92  __scatter.o(!!!scatter)
    !!handler_copy                           0x08000228   Section       26  __scatter_copy.o(!!handler_copy)
    !!handler_null                           0x08000244   Section        2  __scatter.o(!!handler_null)
    !!handler_zi                             0x08000248   Section       28  __scatter_zi.o(!!handler_zi)
    .ARM.Collect$$_printf_percent$$00000000  0x08000264   Section        0  _printf_percent.o(.ARM.Collect$$_printf_percent$$00000000)
    .ARM.Collect$$_printf_percent$$00000009  0x08000264   Section        6  _printf_d.o(.ARM.Collect$$_printf_percent$$00000009)
    .ARM.Collect$$_printf_percent$$0000000A  0x0800026a   Section        6  _printf_u.o(.ARM.Collect$$_printf_percent$$0000000A)
    .ARM.Collect$$_printf_percent$$00000017  0x08000270   Section        4  _printf_percent_end.o(.ARM.Collect$$_printf_percent$$00000017)
    .ARM.Collect$$libinit$$00000000          0x08000274   Section        2  libinit.o(.ARM.Collect$$libinit$$00000000)
    .ARM.Collect$$libinit$$00000001          0x08000276   Section        4  libinit2.o(.ARM.Collect$$libinit$$00000001)
    .ARM.Collect$$libinit$$00000004          0x0800027a   Section        0  libinit2.o(.ARM.Collect$$libinit$$00000004)
    .ARM.Collect$$libinit$$00000006          0x0800027a   Section        0  libinit2.o(.ARM.Collect$$libinit$$00000006)
    .ARM.Collect$$libinit$$0000000C          0x0800027a   Section        0  libinit2.o(.ARM.Collect$$libinit$$0000000C)
    .ARM.Collect$$libinit$$0000000E          0x0800027a   Section        0  libinit2.o(.ARM.Collect$$libinit$$0000000E)
    .ARM.Collect$$libinit$$00000010          0x0800027a   Section        0  libinit2.o(.ARM.Collect$$libinit$$00000010)
    .ARM.Collect$$libinit$$00000013          0x0800027a   Section        0  libinit2.o(.ARM.Collect$$libinit$$00000013)
    .ARM.Collect$$libinit$$00000015          0x0800027a   Section        0  libinit2.o(.ARM.Collect$$libinit$$00000015)
    .ARM.Collect$$libinit$$00000017          0x0800027a   Section        0  libinit2.o(.ARM.Collect$$libinit$$00000017)
    .ARM.Collect$$libinit$$00000019          0x0800027a   Section        0  libinit2.o(.ARM.Collect$$libinit$$00000019)
    .ARM.Collect$$libinit$$0000001B          0x0800027a   Section        0  libinit2.o(.ARM.Collect$$libinit$$0000001B)
    .ARM.Collect$$libinit$$0000001D          0x0800027a   Section        0  libinit2.o(.ARM.Collect$$libinit$$0000001D)
    .ARM.Collect$$libinit$$0000001F          0x0800027a   Section        0  libinit2.o(.ARM.Collect$$libinit$$0000001F)
    .ARM.Collect$$libinit$$00000021          0x0800027a   Section        0  libinit2.o(.ARM.Collect$$libinit$$00000021)
    .ARM.Collect$$libinit$$00000023          0x0800027a   Section        0  libinit2.o(.ARM.Collect$$libinit$$00000023)
    .ARM.Collect$$libinit$$00000025          0x0800027a   Section        0  libinit2.o(.ARM.Collect$$libinit$$00000025)
    .ARM.Collect$$libinit$$00000027          0x0800027a   Section        0  libinit2.o(.ARM.Collect$$libinit$$00000027)
    .ARM.Collect$$libinit$$0000002E          0x0800027a   Section        0  libinit2.o(.ARM.Collect$$libinit$$0000002E)
    .ARM.Collect$$libinit$$00000030          0x0800027a   Section        0  libinit2.o(.ARM.Collect$$libinit$$00000030)
    .ARM.Collect$$libinit$$00000032          0x0800027a   Section        0  libinit2.o(.ARM.Collect$$libinit$$00000032)
    .ARM.Collect$$libinit$$00000034          0x0800027a   Section        0  libinit2.o(.ARM.Collect$$libinit$$00000034)
    .ARM.Collect$$libinit$$00000035          0x0800027a   Section        2  libinit2.o(.ARM.Collect$$libinit$$00000035)
    .ARM.Collect$$libshutdown$$00000000      0x0800027c   Section        2  libshutdown.o(.ARM.Collect$$libshutdown$$00000000)
    .ARM.Collect$$libshutdown$$00000002      0x0800027e   Section        0  libshutdown2.o(.ARM.Collect$$libshutdown$$00000002)
    .ARM.Collect$$libshutdown$$00000004      0x0800027e   Section        0  libshutdown2.o(.ARM.Collect$$libshutdown$$00000004)
    .ARM.Collect$$libshutdown$$00000007      0x0800027e   Section        0  libshutdown2.o(.ARM.Collect$$libshutdown$$00000007)
    .ARM.Collect$$libshutdown$$0000000A      0x0800027e   Section        0  libshutdown2.o(.ARM.Collect$$libshutdown$$0000000A)
    .ARM.Collect$$libshutdown$$0000000C      0x0800027e   Section        0  libshutdown2.o(.ARM.Collect$$libshutdown$$0000000C)
    .ARM.Collect$$libshutdown$$0000000F      0x0800027e   Section        0  libshutdown2.o(.ARM.Collect$$libshutdown$$0000000F)
    .ARM.Collect$$libshutdown$$00000010      0x0800027e   Section        2  libshutdown2.o(.ARM.Collect$$libshutdown$$00000010)
    .ARM.Collect$$rtentry$$00000000          0x08000280   Section        0  __rtentry.o(.ARM.Collect$$rtentry$$00000000)
    .ARM.Collect$$rtentry$$00000002          0x08000280   Section        0  __rtentry2.o(.ARM.Collect$$rtentry$$00000002)
    .ARM.Collect$$rtentry$$00000004          0x08000280   Section        6  __rtentry4.o(.ARM.Collect$$rtentry$$00000004)
    .ARM.Collect$$rtentry$$00000009          0x08000286   Section        0  __rtentry2.o(.ARM.Collect$$rtentry$$00000009)
    .ARM.Collect$$rtentry$$0000000A          0x08000286   Section        4  __rtentry2.o(.ARM.Collect$$rtentry$$0000000A)
    .ARM.Collect$$rtentry$$0000000C          0x0800028a   Section        0  __rtentry2.o(.ARM.Collect$$rtentry$$0000000C)
    .ARM.Collect$$rtentry$$0000000D          0x0800028a   Section        8  __rtentry2.o(.ARM.Collect$$rtentry$$0000000D)
    .ARM.Collect$$rtexit$$00000000           0x08000292   Section        2  rtexit.o(.ARM.Collect$$rtexit$$00000000)
    .ARM.Collect$$rtexit$$00000002           0x08000294   Section        0  rtexit2.o(.ARM.Collect$$rtexit$$00000002)
    .ARM.Collect$$rtexit$$00000003           0x08000294   Section        4  rtexit2.o(.ARM.Collect$$rtexit$$00000003)
    .ARM.Collect$$rtexit$$00000004           0x08000298   Section        6  rtexit2.o(.ARM.Collect$$rtexit$$00000004)
    $v0                                      0x080002a0   Number         0  startup_stm32f446xx.o(.text)
    .text                                    0x080002a0   Section       64  startup_stm32f446xx.o(.text)
    .text                                    0x080002e0   Section      240  lludivv7m.o(.text)
    .text                                    0x080003d0   Section        0  noretval__2sprintf.o(.text)
    .text                                    0x080003f8   Section        0  __printf.o(.text)
    .text                                    0x08000460   Section        0  _printf_dec.o(.text)
    .text                                    0x080004d8   Section        0  strlen.o(.text)
    .text                                    0x08000516   Section       78  rt_memclr_w.o(.text)
    .text                                    0x08000564   Section        0  heapauxi.o(.text)
    .text                                    0x0800056a   Section        0  _printf_intcommon.o(.text)
    _printf_input_char                       0x0800061d   Thumb Code    10  _printf_char_common.o(.text)
    .text                                    0x0800061c   Section        0  _printf_char_common.o(.text)
    .text                                    0x0800064c   Section        0  _sputc.o(.text)
    .text                                    0x08000656   Section       74  sys_stackheap_outer.o(.text)
    .text                                    0x080006a0   Section        0  exit.o(.text)
    .text                                    0x080006b4   Section        8  libspace.o(.text)
    .text                                    0x080006bc   Section        0  sys_exit.o(.text)
    .text                                    0x080006c8   Section        2  use_no_semi.o(.text)
    .text                                    0x080006ca   Section        0  indicate_semi.o(.text)
    ADC_DMAConvCplt                          0x080006cd   Thumb Code   110  stm32f4xx_hal_adc.o(.text.ADC_DMAConvCplt)
    [Anonymous Symbol]                       0x080006cc   Section        0  stm32f4xx_hal_adc.o(.text.ADC_DMAConvCplt)
    ADC_DMAError                             0x0800073d   Thumb Code    18  stm32f4xx_hal_adc.o(.text.ADC_DMAError)
    [Anonymous Symbol]                       0x0800073c   Section        0  stm32f4xx_hal_adc.o(.text.ADC_DMAError)
    ADC_DMAHalfConvCplt                      0x08000751   Thumb Code     6  stm32f4xx_hal_adc.o(.text.ADC_DMAHalfConvCplt)
    [Anonymous Symbol]                       0x08000750   Section        0  stm32f4xx_hal_adc.o(.text.ADC_DMAHalfConvCplt)
    [Anonymous Symbol]                       0x08000758   Section        0  stm32f4xx_it_1.o(.text.BusFault_Handler)
    [Anonymous Symbol]                       0x0800075c   Section        0  stm32f4xx_it_1.o(.text.DMA2_Stream0_IRQHandler)
    [Anonymous Symbol]                       0x08000768   Section        0  stm32f4xx_it_1.o(.text.DebugMon_Handler)
    [Anonymous Symbol]                       0x0800076c   Section        0  stm32f4xx_it_1.o(.text.EXTI15_10_IRQHandler)
    [Anonymous Symbol]                       0x08000774   Section        0  stm32f4xx_it_1.o(.text.EXTI4_IRQHandler)
    [Anonymous Symbol]                       0x0800077c   Section        0  stm32f4xx_it_1.o(.text.EXTI9_5_IRQHandler)
    [Anonymous Symbol]                       0x08000794   Section        0  config_1.o(.text.Error_Handler)
    [Anonymous Symbol]                       0x0800079c   Section        0  stm32f4xx_hal_adc.o(.text.HAL_ADC_ConfigChannel)
    [Anonymous Symbol]                       0x0800090c   Section        0  main_1.o(.text.HAL_ADC_ConvCpltCallback)
    [Anonymous Symbol]                       0x0800093c   Section        0  stm32f4xx_hal_adc.o(.text.HAL_ADC_ConvHalfCpltCallback)
    [Anonymous Symbol]                       0x08000940   Section        0  stm32f4xx_hal_adc.o(.text.HAL_ADC_ErrorCallback)
    [Anonymous Symbol]                       0x08000944   Section        0  stm32f4xx_hal_adc.o(.text.HAL_ADC_Init)
    [Anonymous Symbol]                       0x08000aa0   Section        0  stm32f4xx_hal_msp_1.o(.text.HAL_ADC_MspInit)
    [Anonymous Symbol]                       0x08000b6c   Section        0  stm32f4xx_hal_adc.o(.text.HAL_ADC_Start_DMA)
    [Anonymous Symbol]                       0x08000d14   Section        0  stm32f4xx_hal_adc.o(.text.HAL_ADC_Stop_DMA)
    [Anonymous Symbol]                       0x08000d94   Section        0  stm32f4xx_hal_dma.o(.text.HAL_DMA_Abort)
    [Anonymous Symbol]                       0x08000e24   Section        0  stm32f4xx_hal_dma.o(.text.HAL_DMA_IRQHandler)
    [Anonymous Symbol]                       0x08000fe8   Section        0  stm32f4xx_hal_dma.o(.text.HAL_DMA_Init)
    [Anonymous Symbol]                       0x0800114c   Section        0  stm32f4xx_hal_dma.o(.text.HAL_DMA_Start_IT)
    [Anonymous Symbol]                       0x080011f0   Section        0  stm32f4xx_hal.o(.text.HAL_Delay)
    [Anonymous Symbol]                       0x08001218   Section        0  stm32f4xx_hal_gpio.o(.text.HAL_GPIO_EXTI_Callback)
    [Anonymous Symbol]                       0x0800121c   Section        0  stm32f4xx_hal_gpio.o(.text.HAL_GPIO_EXTI_IRQHandler)
    [Anonymous Symbol]                       0x08001234   Section        0  stm32f4xx_hal_gpio.o(.text.HAL_GPIO_Init)
    [Anonymous Symbol]                       0x080013d4   Section        0  stm32f4xx_hal_gpio.o(.text.HAL_GPIO_ReadPin)
    [Anonymous Symbol]                       0x080013e0   Section        0  stm32f4xx_hal_gpio.o(.text.HAL_GPIO_TogglePin)
    [Anonymous Symbol]                       0x080013f0   Section        0  stm32f4xx_hal_gpio.o(.text.HAL_GPIO_WritePin)
    [Anonymous Symbol]                       0x080013fc   Section        0  stm32f4xx_hal.o(.text.HAL_GetTick)
    [Anonymous Symbol]                       0x08001408   Section        0  stm32f4xx_hal.o(.text.HAL_IncTick)
    [Anonymous Symbol]                       0x08001424   Section        0  stm32f4xx_hal.o(.text.HAL_Init)
    [Anonymous Symbol]                       0x0800145c   Section        0  stm32f4xx_hal.o(.text.HAL_InitTick)
    [Anonymous Symbol]                       0x080014a4   Section        0  stm32f4xx_hal_msp_1.o(.text.HAL_MspInit)
    [Anonymous Symbol]                       0x080014dc   Section        0  stm32f4xx_hal_cortex.o(.text.HAL_NVIC_EnableIRQ)
    [Anonymous Symbol]                       0x08001500   Section        0  stm32f4xx_hal_cortex.o(.text.HAL_NVIC_SetPriority)
    [Anonymous Symbol]                       0x08001558   Section        0  stm32f4xx_hal_cortex.o(.text.HAL_NVIC_SetPriorityGrouping)
    [Anonymous Symbol]                       0x08001578   Section        0  stm32f4xx_hal_pcd_ex.o(.text.HAL_PCDEx_ActivateLPM)
    [Anonymous Symbol]                       0x080015a0   Section        0  stm32f4xx_hal_pcd.o(.text.HAL_PCD_Init)
    [Anonymous Symbol]                       0x0800181c   Section        0  stm32f4xx_hal_msp_1.o(.text.HAL_PCD_MspInit)
    [Anonymous Symbol]                       0x080018cc   Section        0  stm32f4xx_hal_rcc_ex.o(.text.HAL_RCCEx_PeriphCLKConfig)
    [Anonymous Symbol]                       0x08001d0c   Section        0  stm32f4xx_hal_rcc.o(.text.HAL_RCC_ClockConfig)
    [Anonymous Symbol]                       0x08001e70   Section        0  stm32f4xx_hal_rcc.o(.text.HAL_RCC_GetPCLK1Freq)
    [Anonymous Symbol]                       0x08001e98   Section        0  stm32f4xx_hal_rcc.o(.text.HAL_RCC_GetPCLK2Freq)
    [Anonymous Symbol]                       0x08001ec0   Section        0  stm32f4xx_hal_rcc_ex.o(.text.HAL_RCC_GetSysClockFreq)
    [Anonymous Symbol]                       0x08001f64   Section        0  stm32f4xx_hal_rcc_ex.o(.text.HAL_RCC_OscConfig)
    [Anonymous Symbol]                       0x08002340   Section        0  stm32f4xx_hal_cortex.o(.text.HAL_SYSTICK_Config)
    [Anonymous Symbol]                       0x0800236c   Section        0  stm32f4xx_hal_tim_ex.o(.text.HAL_TIMEx_MasterConfigSynchronization)
    [Anonymous Symbol]                       0x08002428   Section        0  stm32f4xx_hal_tim.o(.text.HAL_TIM_Base_Init)
    [Anonymous Symbol]                       0x08002484   Section        0  stm32f4xx_hal_msp_1.o(.text.HAL_TIM_Base_MspInit)
    [Anonymous Symbol]                       0x080024b4   Section        0  stm32f4xx_hal_tim.o(.text.HAL_TIM_Base_Start)
    [Anonymous Symbol]                       0x08002558   Section        0  stm32f4xx_hal_tim.o(.text.HAL_TIM_Base_Stop)
    [Anonymous Symbol]                       0x0800258c   Section        0  stm32f4xx_hal_tim.o(.text.HAL_TIM_ConfigClockSource)
    [Anonymous Symbol]                       0x0800272c   Section        0  stm32f4xx_hal_uart.o(.text.HAL_UART_Init)
    [Anonymous Symbol]                       0x0800278c   Section        0  stm32f4xx_hal_msp_1.o(.text.HAL_UART_MspInit)
    [Anonymous Symbol]                       0x08002804   Section        0  stm32f4xx_hal_uart.o(.text.HAL_UART_Transmit)
    [Anonymous Symbol]                       0x08002998   Section        0  stm32f4xx_it_1.o(.text.HardFault_Handler)
    [Anonymous Symbol]                       0x0800299c   Section        0  config_1.o(.text.MX_ADC1_Init)
    [Anonymous Symbol]                       0x08002a08   Section        0  config_1.o(.text.MX_DMA_Init)
    [Anonymous Symbol]                       0x08002a40   Section        0  config_1.o(.text.MX_GPIO_Init)
    [Anonymous Symbol]                       0x08002bb8   Section        0  config_1.o(.text.MX_TIM2_Init)
    [Anonymous Symbol]                       0x08002c28   Section        0  config_1.o(.text.MX_USART3_UART_Init)
    [Anonymous Symbol]                       0x08002c64   Section        0  config_1.o(.text.MX_USB_OTG_FS_PCD_Init)
    [Anonymous Symbol]                       0x08002c9c   Section        0  stm32f4xx_it_1.o(.text.MemManage_Handler)
    [Anonymous Symbol]                       0x08002ca0   Section        0  stm32f4xx_it_1.o(.text.NMI_Handler)
    [Anonymous Symbol]                       0x08002ca4   Section        0  stm32f4xx_it_1.o(.text.PendSV_Handler)
    [Anonymous Symbol]                       0x08002ca8   Section        0  stm32f4xx_it_1.o(.text.SVC_Handler)
    [Anonymous Symbol]                       0x08002cac   Section        0  stm32f4xx_it_1.o(.text.SysTick_Handler)
    [Anonymous Symbol]                       0x08002cb0   Section        0  config_1.o(.text.SystemClock_Config)
    [Anonymous Symbol]                       0x08002d5c   Section        0  system_stm32f4xx.o(.text.SystemInit)
    [Anonymous Symbol]                       0x08002d70   Section        0  stm32f4xx_hal_tim.o(.text.TIM_Base_SetConfig)
    UART_SetConfig                           0x08002eb5   Thumb Code   230  stm32f4xx_hal_uart.o(.text.UART_SetConfig)
    [Anonymous Symbol]                       0x08002eb4   Section        0  stm32f4xx_hal_uart.o(.text.UART_SetConfig)
    [Anonymous Symbol]                       0x08002f9c   Section        0  stm32f4xx_ll_usb.o(.text.USB_CoreInit)
    [Anonymous Symbol]                       0x080031b0   Section        0  stm32f4xx_ll_usb.o(.text.USB_DevDisconnect)
    [Anonymous Symbol]                       0x080031d0   Section        0  stm32f4xx_ll_usb.o(.text.USB_DevInit)
    [Anonymous Symbol]                       0x08003684   Section        0  stm32f4xx_ll_usb.o(.text.USB_DisableGlobalInt)
    [Anonymous Symbol]                       0x08003694   Section        0  stm32f4xx_ll_usb.o(.text.USB_SetCurrentMode)
    [Anonymous Symbol]                       0x080039fc   Section        0  stm32f4xx_it_1.o(.text.UsageFault_Handler)
    [Anonymous Symbol]                       0x08003a00   Section        0  main_1.o(.text.main)
    [Anonymous Symbol]                       0x08003ae0   Section        0  config_1.o(.text.print_msg)
    $v0                                      0x08003afe   Number         0  fpinit.o(x$fpl$fpinit)
    x$fpl$fpinit                             0x08003afe   Section       26  fpinit.o(x$fpl$fpinit)
    DMA_CalcBaseAndBitshift.flagBitshiftOffset 0x08003b30   Data           8  stm32f4xx_hal_dma.o(.rodata.cst8)
    [Anonymous Symbol]                       0x08003b30   Section        0  stm32f4xx_hal_dma.o(.rodata.cst8)
    .L_MergedGlobals                         0x20000000   Data           8  stm32f4xx_hal.o(.data..L_MergedGlobals)
    [Anonymous Symbol]                       0x20000000   Section        0  stm32f4xx_hal.o(.data..L_MergedGlobals)
    .bss                                     0x20000010   Section       96  libspace.o(.bss)
    .L_MergedGlobals                         0x20000070   Data          76  main_1.o(.bss..L_MergedGlobals)
    [Anonymous Symbol]                       0x20000070   Section        0  main_1.o(.bss..L_MergedGlobals)
    Heap_Mem                                 0x200016f8   Data         512  startup_stm32f446xx.o(HEAP)
    HEAP                                     0x200016f8   Section      512  startup_stm32f446xx.o(HEAP)
    Stack_Mem                                0x200018f8   Data        1024  startup_stm32f446xx.o(STACK)
    STACK                                    0x200018f8   Section     1024  startup_stm32f446xx.o(STACK)
    __initial_sp                             0x20001cf8   Data           0  startup_stm32f446xx.o(STACK)

    Global Symbols

    Symbol Name                              Value     Ov Type        Size  Object(Section)

    BuildAttributes$$THM_ISAv4$E$P$D$K$B$S$7EM$VFPi3$EXTD16$VFPS$VFMA$PE$A:L22UL41UL21$X:L11$S22US41US21$IEEE1$IW$~IW$USESV6$~STKCKD$USESV7$~SHL$OTIME$ROPI$EBA8$UX$STANDARDLIB$REQ8$PRES8$EABIv2 0x00000000   Number         0  anon$$obj.o ABSOLUTE
    __ARM_exceptions_init                     - Undefined Weak Reference
    __alloca_initialize                       - Undefined Weak Reference
    __arm_preinit_                            - Undefined Weak Reference
    __arm_relocate_pie_                       - Undefined Weak Reference
    __cpp_initialize__aeabi_                  - Undefined Weak Reference
    __cxa_finalize                            - Undefined Weak Reference
    __rt_locale                               - Undefined Weak Reference
    __sigvec_lookup                           - Undefined Weak Reference
    _atexit_init                              - Undefined Weak Reference
    _call_atexit_fns                          - Undefined Weak Reference
    _clock_init                               - Undefined Weak Reference
    _fp_trap_init                             - Undefined Weak Reference
    _fp_trap_shutdown                         - Undefined Weak Reference
    _get_lc_collate                           - Undefined Weak Reference
    _get_lc_ctype                             - Undefined Weak Reference
    _get_lc_monetary                          - Undefined Weak Reference
    _get_lc_numeric                           - Undefined Weak Reference
    _get_lc_time                              - Undefined Weak Reference
    _getenv_init                              - Undefined Weak Reference
    _handle_redirection                       - Undefined Weak Reference
    _init_alloc                               - Undefined Weak Reference
    _init_user_alloc                          - Undefined Weak Reference
    _initio                                   - Undefined Weak Reference
    _printf_post_padding                      - Undefined Weak Reference
    _printf_pre_padding                       - Undefined Weak Reference
    _printf_truncate_signed                   - Undefined Weak Reference
    _printf_truncate_unsigned                 - Undefined Weak Reference
    _rand_init                                - Undefined Weak Reference
    _signal_finish                            - Undefined Weak Reference
    _signal_init                              - Undefined Weak Reference
    _terminate_alloc                          - Undefined Weak Reference
    _terminate_user_alloc                     - Undefined Weak Reference
    _terminateio                              - Undefined Weak Reference
    __Vectors_Size                           0x000001c4   Number         0  startup_stm32f446xx.o ABSOLUTE
    __Vectors                                0x08000000   Data           4  startup_stm32f446xx.o(RESET)
    __Vectors_End                            0x080001c4   Data           0  startup_stm32f446xx.o(RESET)
    __main                                   0x080001c5   Thumb Code     8  __main.o(!!!main)
    __scatterload                            0x080001cd   Thumb Code     0  __scatter.o(!!!scatter)
    __scatterload_rt2                        0x080001cd   Thumb Code    84  __scatter.o(!!!scatter)
    __scatterload_rt2_thumb_only             0x080001cd   Thumb Code     0  __scatter.o(!!!scatter)
    __scatterload_loop                       0x080001d7   Thumb Code     0  __scatter.o(!!!scatter)
    __scatterload_copy                       0x08000229   Thumb Code    26  __scatter_copy.o(!!handler_copy)
    __scatterload_null                       0x08000245   Thumb Code     2  __scatter.o(!!handler_null)
    __scatterload_zeroinit                   0x08000249   Thumb Code    28  __scatter_zi.o(!!handler_zi)
    _printf_d                                0x08000265   Thumb Code     0  _printf_d.o(.ARM.Collect$$_printf_percent$$00000009)
    _printf_percent                          0x08000265   Thumb Code     0  _printf_percent.o(.ARM.Collect$$_printf_percent$$00000000)
    _printf_u                                0x0800026b   Thumb Code     0  _printf_u.o(.ARM.Collect$$_printf_percent$$0000000A)
    _printf_percent_end                      0x08000271   Thumb Code     0  _printf_percent_end.o(.ARM.Collect$$_printf_percent$$00000017)
    __rt_lib_init                            0x08000275   Thumb Code     0  libinit.o(.ARM.Collect$$libinit$$00000000)
    __rt_lib_init_fp_1                       0x08000277   Thumb Code     0  libinit2.o(.ARM.Collect$$libinit$$00000001)
    __rt_lib_init_alloca_1                   0x0800027b   Thumb Code     0  libinit2.o(.ARM.Collect$$libinit$$00000030)
    __rt_lib_init_argv_1                     0x0800027b   Thumb Code     0  libinit2.o(.ARM.Collect$$libinit$$0000002E)
    __rt_lib_init_atexit_1                   0x0800027b   Thumb Code     0  libinit2.o(.ARM.Collect$$libinit$$0000001D)
    __rt_lib_init_clock_1                    0x0800027b   Thumb Code     0  libinit2.o(.ARM.Collect$$libinit$$00000023)
    __rt_lib_init_cpp_1                      0x0800027b   Thumb Code     0  libinit2.o(.ARM.Collect$$libinit$$00000034)
    __rt_lib_init_exceptions_1               0x0800027b   Thumb Code     0  libinit2.o(.ARM.Collect$$libinit$$00000032)
    __rt_lib_init_fp_trap_1                  0x0800027b   Thumb Code     0  libinit2.o(.ARM.Collect$$libinit$$00000021)
    __rt_lib_init_getenv_1                   0x0800027b   Thumb Code     0  libinit2.o(.ARM.Collect$$libinit$$00000025)
    __rt_lib_init_heap_1                     0x0800027b   Thumb Code     0  libinit2.o(.ARM.Collect$$libinit$$0000000C)
    __rt_lib_init_lc_collate_1               0x0800027b   Thumb Code     0  libinit2.o(.ARM.Collect$$libinit$$00000013)
    __rt_lib_init_lc_ctype_1                 0x0800027b   Thumb Code     0  libinit2.o(.ARM.Collect$$libinit$$00000015)
    __rt_lib_init_lc_monetary_1              0x0800027b   Thumb Code     0  libinit2.o(.ARM.Collect$$libinit$$00000017)
    __rt_lib_init_lc_numeric_1               0x0800027b   Thumb Code     0  libinit2.o(.ARM.Collect$$libinit$$00000019)
    __rt_lib_init_lc_time_1                  0x0800027b   Thumb Code     0  libinit2.o(.ARM.Collect$$libinit$$0000001B)
    __rt_lib_init_preinit_1                  0x0800027b   Thumb Code     0  libinit2.o(.ARM.Collect$$libinit$$00000006)
    __rt_lib_init_rand_1                     0x0800027b   Thumb Code     0  libinit2.o(.ARM.Collect$$libinit$$00000010)
    __rt_lib_init_relocate_pie_1             0x0800027b   Thumb Code     0  libinit2.o(.ARM.Collect$$libinit$$00000004)
    __rt_lib_init_return                     0x0800027b   Thumb Code     0  libinit2.o(.ARM.Collect$$libinit$$00000035)
    __rt_lib_init_signal_1                   0x0800027b   Thumb Code     0  libinit2.o(.ARM.Collect$$libinit$$0000001F)
    __rt_lib_init_stdio_1                    0x0800027b   Thumb Code     0  libinit2.o(.ARM.Collect$$libinit$$00000027)
    __rt_lib_init_user_alloc_1               0x0800027b   Thumb Code     0  libinit2.o(.ARM.Collect$$libinit$$0000000E)
    __rt_lib_shutdown                        0x0800027d   Thumb Code     0  libshutdown.o(.ARM.Collect$$libshutdown$$00000000)
    __rt_lib_shutdown_cpp_1                  0x0800027f   Thumb Code     0  libshutdown2.o(.ARM.Collect$$libshutdown$$00000002)
    __rt_lib_shutdown_fp_trap_1              0x0800027f   Thumb Code     0  libshutdown2.o(.ARM.Collect$$libshutdown$$00000007)
    __rt_lib_shutdown_heap_1                 0x0800027f   Thumb Code     0  libshutdown2.o(.ARM.Collect$$libshutdown$$0000000F)
    __rt_lib_shutdown_return                 0x0800027f   Thumb Code     0  libshutdown2.o(.ARM.Collect$$libshutdown$$00000010)
    __rt_lib_shutdown_signal_1               0x0800027f   Thumb Code     0  libshutdown2.o(.ARM.Collect$$libshutdown$$0000000A)
    __rt_lib_shutdown_stdio_1                0x0800027f   Thumb Code     0  libshutdown2.o(.ARM.Collect$$libshutdown$$00000004)
    __rt_lib_shutdown_user_alloc_1           0x0800027f   Thumb Code     0  libshutdown2.o(.ARM.Collect$$libshutdown$$0000000C)
    __rt_entry                               0x08000281   Thumb Code     0  __rtentry.o(.ARM.Collect$$rtentry$$00000000)
    __rt_entry_presh_1                       0x08000281   Thumb Code     0  __rtentry2.o(.ARM.Collect$$rtentry$$00000002)
    __rt_entry_sh                            0x08000281   Thumb Code     0  __rtentry4.o(.ARM.Collect$$rtentry$$00000004)
    __rt_entry_li                            0x08000287   Thumb Code     0  __rtentry2.o(.ARM.Collect$$rtentry$$0000000A)
    __rt_entry_postsh_1                      0x08000287   Thumb Code     0  __rtentry2.o(.ARM.Collect$$rtentry$$00000009)
    __rt_entry_main                          0x0800028b   Thumb Code     0  __rtentry2.o(.ARM.Collect$$rtentry$$0000000D)
    __rt_entry_postli_1                      0x0800028b   Thumb Code     0  __rtentry2.o(.ARM.Collect$$rtentry$$0000000C)
    __rt_exit                                0x08000293   Thumb Code     0  rtexit.o(.ARM.Collect$$rtexit$$00000000)
    __rt_exit_ls                             0x08000295   Thumb Code     0  rtexit2.o(.ARM.Collect$$rtexit$$00000003)
    __rt_exit_prels_1                        0x08000295   Thumb Code     0  rtexit2.o(.ARM.Collect$$rtexit$$00000002)
    __rt_exit_exit                           0x08000299   Thumb Code     0  rtexit2.o(.ARM.Collect$$rtexit$$00000004)
    Reset_Handler                            0x080002a1   Thumb Code     8  startup_stm32f446xx.o(.text)
    ADC_IRQHandler                           0x080002bb   Thumb Code     0  startup_stm32f446xx.o(.text)
    CAN1_RX0_IRQHandler                      0x080002bb   Thumb Code     0  startup_stm32f446xx.o(.text)
    CAN1_RX1_IRQHandler                      0x080002bb   Thumb Code     0  startup_stm32f446xx.o(.text)
    CAN1_SCE_IRQHandler                      0x080002bb   Thumb Code     0  startup_stm32f446xx.o(.text)
    CAN1_TX_IRQHandler                       0x080002bb   Thumb Code     0  startup_stm32f446xx.o(.text)
    CAN2_RX0_IRQHandler                      0x080002bb   Thumb Code     0  startup_stm32f446xx.o(.text)
    CAN2_RX1_IRQHandler                      0x080002bb   Thumb Code     0  startup_stm32f446xx.o(.text)
    CAN2_SCE_IRQHandler                      0x080002bb   Thumb Code     0  startup_stm32f446xx.o(.text)
    CAN2_TX_IRQHandler                       0x080002bb   Thumb Code     0  startup_stm32f446xx.o(.text)
    CEC_IRQHandler                           0x080002bb   Thumb Code     0  startup_stm32f446xx.o(.text)
    DCMI_IRQHandler                          0x080002bb   Thumb Code     0  startup_stm32f446xx.o(.text)
    DMA1_Stream0_IRQHandler                  0x080002bb   Thumb Code     0  startup_stm32f446xx.o(.text)
    DMA1_Stream1_IRQHandler                  0x080002bb   Thumb Code     0  startup_stm32f446xx.o(.text)
    DMA1_Stream2_IRQHandler                  0x080002bb   Thumb Code     0  startup_stm32f446xx.o(.text)
    DMA1_Stream3_IRQHandler                  0x080002bb   Thumb Code     0  startup_stm32f446xx.o(.text)
    DMA1_Stream4_IRQHandler                  0x080002bb   Thumb Code     0  startup_stm32f446xx.o(.text)
    DMA1_Stream5_IRQHandler                  0x080002bb   Thumb Code     0  startup_stm32f446xx.o(.text)
    DMA1_Stream6_IRQHandler                  0x080002bb   Thumb Code     0  startup_stm32f446xx.o(.text)
    DMA1_Stream7_IRQHandler                  0x080002bb   Thumb Code     0  startup_stm32f446xx.o(.text)
    DMA2_Stream1_IRQHandler                  0x080002bb   Thumb Code     0  startup_stm32f446xx.o(.text)
    DMA2_Stream2_IRQHandler                  0x080002bb   Thumb Code     0  startup_stm32f446xx.o(.text)
    DMA2_Stream3_IRQHandler                  0x080002bb   Thumb Code     0  startup_stm32f446xx.o(.text)
    DMA2_Stream4_IRQHandler                  0x080002bb   Thumb Code     0  startup_stm32f446xx.o(.text)
    DMA2_Stream5_IRQHandler                  0x080002bb   Thumb Code     0  startup_stm32f446xx.o(.text)
    DMA2_Stream6_IRQHandler                  0x080002bb   Thumb Code     0  startup_stm32f446xx.o(.text)
    DMA2_Stream7_IRQHandler                  0x080002bb   Thumb Code     0  startup_stm32f446xx.o(.text)
    EXTI0_IRQHandler                         0x080002bb   Thumb Code     0  startup_stm32f446xx.o(.text)
    EXTI1_IRQHandler                         0x080002bb   Thumb Code     0  startup_stm32f446xx.o(.text)
    EXTI2_IRQHandler                         0x080002bb   Thumb Code     0  startup_stm32f446xx.o(.text)
    EXTI3_IRQHandler                         0x080002bb   Thumb Code     0  startup_stm32f446xx.o(.text)
    FLASH_IRQHandler                         0x080002bb   Thumb Code     0  startup_stm32f446xx.o(.text)
    FMC_IRQHandler                           0x080002bb   Thumb Code     0  startup_stm32f446xx.o(.text)
    FMPI2C1_ER_IRQHandler                    0x080002bb   Thumb Code     0  startup_stm32f446xx.o(.text)
    FMPI2C1_EV_IRQHandler                    0x080002bb   Thumb Code     0  startup_stm32f446xx.o(.text)
    FPU_IRQHandler                           0x080002bb   Thumb Code     0  startup_stm32f446xx.o(.text)
    I2C1_ER_IRQHandler                       0x080002bb   Thumb Code     0  startup_stm32f446xx.o(.text)
    I2C1_EV_IRQHandler                       0x080002bb   Thumb Code     0  startup_stm32f446xx.o(.text)
    I2C2_ER_IRQHandler                       0x080002bb   Thumb Code     0  startup_stm32f446xx.o(.text)
    I2C2_EV_IRQHandler                       0x080002bb   Thumb Code     0  startup_stm32f446xx.o(.text)
    I2C3_ER_IRQHandler                       0x080002bb   Thumb Code     0  startup_stm32f446xx.o(.text)
    I2C3_EV_IRQHandler                       0x080002bb   Thumb Code     0  startup_stm32f446xx.o(.text)
    OTG_FS_IRQHandler                        0x080002bb   Thumb Code     0  startup_stm32f446xx.o(.text)
    OTG_FS_WKUP_IRQHandler                   0x080002bb   Thumb Code     0  startup_stm32f446xx.o(.text)
    OTG_HS_EP1_IN_IRQHandler                 0x080002bb   Thumb Code     0  startup_stm32f446xx.o(.text)
    OTG_HS_EP1_OUT_IRQHandler                0x080002bb   Thumb Code     0  startup_stm32f446xx.o(.text)
    OTG_HS_IRQHandler                        0x080002bb   Thumb Code     0  startup_stm32f446xx.o(.text)
    OTG_HS_WKUP_IRQHandler                   0x080002bb   Thumb Code     0  startup_stm32f446xx.o(.text)
    PVD_IRQHandler                           0x080002bb   Thumb Code     0  startup_stm32f446xx.o(.text)
    QUADSPI_IRQHandler                       0x080002bb   Thumb Code     0  startup_stm32f446xx.o(.text)
    RCC_IRQHandler                           0x080002bb   Thumb Code     0  startup_stm32f446xx.o(.text)
    RTC_Alarm_IRQHandler                     0x080002bb   Thumb Code     0  startup_stm32f446xx.o(.text)
    RTC_WKUP_IRQHandler                      0x080002bb   Thumb Code     0  startup_stm32f446xx.o(.text)
    SAI1_IRQHandler                          0x080002bb   Thumb Code     0  startup_stm32f446xx.o(.text)
    SAI2_IRQHandler                          0x080002bb   Thumb Code     0  startup_stm32f446xx.o(.text)
    SDIO_IRQHandler                          0x080002bb   Thumb Code     0  startup_stm32f446xx.o(.text)
    SPDIF_RX_IRQHandler                      0x080002bb   Thumb Code     0  startup_stm32f446xx.o(.text)
    SPI1_IRQHandler                          0x080002bb   Thumb Code     0  startup_stm32f446xx.o(.text)
    SPI2_IRQHandler                          0x080002bb   Thumb Code     0  startup_stm32f446xx.o(.text)
    SPI3_IRQHandler                          0x080002bb   Thumb Code     0  startup_stm32f446xx.o(.text)
    SPI4_IRQHandler                          0x080002bb   Thumb Code     0  startup_stm32f446xx.o(.text)
    TAMP_STAMP_IRQHandler                    0x080002bb   Thumb Code     0  startup_stm32f446xx.o(.text)
    TIM1_BRK_TIM9_IRQHandler                 0x080002bb   Thumb Code     0  startup_stm32f446xx.o(.text)
    TIM1_CC_IRQHandler                       0x080002bb   Thumb Code     0  startup_stm32f446xx.o(.text)
    TIM1_TRG_COM_TIM11_IRQHandler            0x080002bb   Thumb Code     0  startup_stm32f446xx.o(.text)
    TIM1_UP_TIM10_IRQHandler                 0x080002bb   Thumb Code     0  startup_stm32f446xx.o(.text)
    TIM2_IRQHandler                          0x080002bb   Thumb Code     0  startup_stm32f446xx.o(.text)
    TIM3_IRQHandler                          0x080002bb   Thumb Code     0  startup_stm32f446xx.o(.text)
    TIM4_IRQHandler                          0x080002bb   Thumb Code     0  startup_stm32f446xx.o(.text)
    TIM5_IRQHandler                          0x080002bb   Thumb Code     0  startup_stm32f446xx.o(.text)
    TIM6_DAC_IRQHandler                      0x080002bb   Thumb Code     0  startup_stm32f446xx.o(.text)
    TIM7_IRQHandler                          0x080002bb   Thumb Code     0  startup_stm32f446xx.o(.text)
    TIM8_BRK_TIM12_IRQHandler                0x080002bb   Thumb Code     0  startup_stm32f446xx.o(.text)
    TIM8_CC_IRQHandler                       0x080002bb   Thumb Code     0  startup_stm32f446xx.o(.text)
    TIM8_TRG_COM_TIM14_IRQHandler            0x080002bb   Thumb Code     0  startup_stm32f446xx.o(.text)
    TIM8_UP_TIM13_IRQHandler                 0x080002bb   Thumb Code     0  startup_stm32f446xx.o(.text)
    UART4_IRQHandler                         0x080002bb   Thumb Code     0  startup_stm32f446xx.o(.text)
    UART5_IRQHandler                         0x080002bb   Thumb Code     0  startup_stm32f446xx.o(.text)
    USART1_IRQHandler                        0x080002bb   Thumb Code     0  startup_stm32f446xx.o(.text)
    USART2_IRQHandler                        0x080002bb   Thumb Code     0  startup_stm32f446xx.o(.text)
    USART3_IRQHandler                        0x080002bb   Thumb Code     0  startup_stm32f446xx.o(.text)
    USART6_IRQHandler                        0x080002bb   Thumb Code     0  startup_stm32f446xx.o(.text)
    WWDG_IRQHandler                          0x080002bb   Thumb Code     0  startup_stm32f446xx.o(.text)
    __user_initial_stackheap                 0x080002bd   Thumb Code     0  startup_stm32f446xx.o(.text)
    __aeabi_uldivmod                         0x080002e1   Thumb Code     0  lludivv7m.o(.text)
    _ll_udiv                                 0x080002e1   Thumb Code   240  lludivv7m.o(.text)
    __2sprintf                               0x080003d1   Thumb Code    34  noretval__2sprintf.o(.text)
    __printf                                 0x080003f9   Thumb Code   104  __printf.o(.text)
    _printf_int_dec                          0x08000461   Thumb Code   104  _printf_dec.o(.text)
    strlen                                   0x080004d9   Thumb Code    62  strlen.o(.text)
    __aeabi_memclr4                          0x08000517   Thumb Code     0  rt_memclr_w.o(.text)
    __aeabi_memclr8                          0x08000517   Thumb Code     0  rt_memclr_w.o(.text)
    __rt_memclr_w                            0x08000517   Thumb Code     0  rt_memclr_w.o(.text)
    _memset_w                                0x0800051b   Thumb Code    74  rt_memclr_w.o(.text)
    __use_two_region_memory                  0x08000565   Thumb Code     2  heapauxi.o(.text)
    __rt_heap_escrow$2region                 0x08000567   Thumb Code     2  heapauxi.o(.text)
    __rt_heap_expand$2region                 0x08000569   Thumb Code     2  heapauxi.o(.text)
    _printf_int_common                       0x0800056b   Thumb Code   178  _printf_intcommon.o(.text)
    _printf_char_common                      0x08000627   Thumb Code    32  _printf_char_common.o(.text)
    _sputc                                   0x0800064d   Thumb Code    10  _sputc.o(.text)
    __user_setup_stackheap                   0x08000657   Thumb Code    74  sys_stackheap_outer.o(.text)
    exit                                     0x080006a1   Thumb Code    18  exit.o(.text)
    __user_libspace                          0x080006b5   Thumb Code     8  libspace.o(.text)
    __user_perproc_libspace                  0x080006b5   Thumb Code     0  libspace.o(.text)
    __user_perthread_libspace                0x080006b5   Thumb Code     0  libspace.o(.text)
    _sys_exit                                0x080006bd   Thumb Code     8  sys_exit.o(.text)
    __I$use$semihosting                      0x080006c9   Thumb Code     0  use_no_semi.o(.text)
    __use_no_semihosting_swi                 0x080006c9   Thumb Code     2  use_no_semi.o(.text)
    __semihosting_library_function           0x080006cb   Thumb Code     0  indicate_semi.o(.text)
    BusFault_Handler                         0x08000759   Thumb Code     2  stm32f4xx_it_1.o(.text.BusFault_Handler)
    DMA2_Stream0_IRQHandler                  0x0800075d   Thumb Code    12  stm32f4xx_it_1.o(.text.DMA2_Stream0_IRQHandler)
    DebugMon_Handler                         0x08000769   Thumb Code     2  stm32f4xx_it_1.o(.text.DebugMon_Handler)
    EXTI15_10_IRQHandler                     0x0800076d   Thumb Code     8  stm32f4xx_it_1.o(.text.EXTI15_10_IRQHandler)
    EXTI4_IRQHandler                         0x08000775   Thumb Code     6  stm32f4xx_it_1.o(.text.EXTI4_IRQHandler)
    EXTI9_5_IRQHandler                       0x0800077d   Thumb Code    24  stm32f4xx_it_1.o(.text.EXTI9_5_IRQHandler)
    Error_Handler                            0x08000795   Thumb Code     6  config_1.o(.text.Error_Handler)
    HAL_ADC_ConfigChannel                    0x0800079d   Thumb Code   368  stm32f4xx_hal_adc.o(.text.HAL_ADC_ConfigChannel)
    HAL_ADC_ConvCpltCallback                 0x0800090d   Thumb Code    46  main_1.o(.text.HAL_ADC_ConvCpltCallback)
    HAL_ADC_ConvHalfCpltCallback             0x0800093d   Thumb Code     2  stm32f4xx_hal_adc.o(.text.HAL_ADC_ConvHalfCpltCallback)
    HAL_ADC_ErrorCallback                    0x08000941   Thumb Code     2  stm32f4xx_hal_adc.o(.text.HAL_ADC_ErrorCallback)
    HAL_ADC_Init                             0x08000945   Thumb Code   348  stm32f4xx_hal_adc.o(.text.HAL_ADC_Init)
    HAL_ADC_MspInit                          0x08000aa1   Thumb Code   202  stm32f4xx_hal_msp_1.o(.text.HAL_ADC_MspInit)
    HAL_ADC_Start_DMA                        0x08000b6d   Thumb Code   422  stm32f4xx_hal_adc.o(.text.HAL_ADC_Start_DMA)
    HAL_ADC_Stop_DMA                         0x08000d15   Thumb Code   126  stm32f4xx_hal_adc.o(.text.HAL_ADC_Stop_DMA)
    HAL_DMA_Abort                            0x08000d95   Thumb Code   142  stm32f4xx_hal_dma.o(.text.HAL_DMA_Abort)
    HAL_DMA_IRQHandler                       0x08000e25   Thumb Code   452  stm32f4xx_hal_dma.o(.text.HAL_DMA_IRQHandler)
    HAL_DMA_Init                             0x08000fe9   Thumb Code   354  stm32f4xx_hal_dma.o(.text.HAL_DMA_Init)
    HAL_DMA_Start_IT                         0x0800114d   Thumb Code   162  stm32f4xx_hal_dma.o(.text.HAL_DMA_Start_IT)
    HAL_Delay                                0x080011f1   Thumb Code    40  stm32f4xx_hal.o(.text.HAL_Delay)
    HAL_GPIO_EXTI_Callback                   0x08001219   Thumb Code     2  stm32f4xx_hal_gpio.o(.text.HAL_GPIO_EXTI_Callback)
    HAL_GPIO_EXTI_IRQHandler                 0x0800121d   Thumb Code    22  stm32f4xx_hal_gpio.o(.text.HAL_GPIO_EXTI_IRQHandler)
    HAL_GPIO_Init                            0x08001235   Thumb Code   414  stm32f4xx_hal_gpio.o(.text.HAL_GPIO_Init)
    HAL_GPIO_ReadPin                         0x080013d5   Thumb Code    10  stm32f4xx_hal_gpio.o(.text.HAL_GPIO_ReadPin)
    HAL_GPIO_TogglePin                       0x080013e1   Thumb Code    16  stm32f4xx_hal_gpio.o(.text.HAL_GPIO_TogglePin)
    HAL_GPIO_WritePin                        0x080013f1   Thumb Code    10  stm32f4xx_hal_gpio.o(.text.HAL_GPIO_WritePin)
    HAL_GetTick                              0x080013fd   Thumb Code    12  stm32f4xx_hal.o(.text.HAL_GetTick)
    HAL_IncTick                              0x08001409   Thumb Code    26  stm32f4xx_hal.o(.text.HAL_IncTick)
    HAL_Init                                 0x08001425   Thumb Code    54  stm32f4xx_hal.o(.text.HAL_Init)
    HAL_InitTick                             0x0800145d   Thumb Code    72  stm32f4xx_hal.o(.text.HAL_InitTick)
    HAL_MspInit                              0x080014a5   Thumb Code    56  stm32f4xx_hal_msp_1.o(.text.HAL_MspInit)
    HAL_NVIC_EnableIRQ                       0x080014dd   Thumb Code    34  stm32f4xx_hal_cortex.o(.text.HAL_NVIC_EnableIRQ)
    HAL_NVIC_SetPriority                     0x08001501   Thumb Code    86  stm32f4xx_hal_cortex.o(.text.HAL_NVIC_SetPriority)
    HAL_NVIC_SetPriorityGrouping             0x08001559   Thumb Code    32  stm32f4xx_hal_cortex.o(.text.HAL_NVIC_SetPriorityGrouping)
    HAL_PCDEx_ActivateLPM                    0x08001579   Thumb Code    38  stm32f4xx_hal_pcd_ex.o(.text.HAL_PCDEx_ActivateLPM)
    HAL_PCD_Init                             0x080015a1   Thumb Code   634  stm32f4xx_hal_pcd.o(.text.HAL_PCD_Init)
    HAL_PCD_MspInit                          0x0800181d   Thumb Code   176  stm32f4xx_hal_msp_1.o(.text.HAL_PCD_MspInit)
    HAL_RCCEx_PeriphCLKConfig                0x080018cd   Thumb Code  1086  stm32f4xx_hal_rcc_ex.o(.text.HAL_RCCEx_PeriphCLKConfig)
    HAL_RCC_ClockConfig                      0x08001d0d   Thumb Code   356  stm32f4xx_hal_rcc.o(.text.HAL_RCC_ClockConfig)
    HAL_RCC_GetPCLK1Freq                     0x08001e71   Thumb Code    38  stm32f4xx_hal_rcc.o(.text.HAL_RCC_GetPCLK1Freq)
    HAL_RCC_GetPCLK2Freq                     0x08001e99   Thumb Code    38  stm32f4xx_hal_rcc.o(.text.HAL_RCC_GetPCLK2Freq)
    HAL_RCC_GetSysClockFreq                  0x08001ec1   Thumb Code   162  stm32f4xx_hal_rcc_ex.o(.text.HAL_RCC_GetSysClockFreq)
    HAL_RCC_OscConfig                        0x08001f65   Thumb Code   988  stm32f4xx_hal_rcc_ex.o(.text.HAL_RCC_OscConfig)
    HAL_SYSTICK_Config                       0x08002341   Thumb Code    44  stm32f4xx_hal_cortex.o(.text.HAL_SYSTICK_Config)
    HAL_TIMEx_MasterConfigSynchronization    0x0800236d   Thumb Code   186  stm32f4xx_hal_tim_ex.o(.text.HAL_TIMEx_MasterConfigSynchronization)
    HAL_TIM_Base_Init                        0x08002429   Thumb Code    90  stm32f4xx_hal_tim.o(.text.HAL_TIM_Base_Init)
    HAL_TIM_Base_MspInit                     0x08002485   Thumb Code    46  stm32f4xx_hal_msp_1.o(.text.HAL_TIM_Base_MspInit)
    HAL_TIM_Base_Start                       0x080024b5   Thumb Code   162  stm32f4xx_hal_tim.o(.text.HAL_TIM_Base_Start)
    HAL_TIM_Base_Stop                        0x08002559   Thumb Code    52  stm32f4xx_hal_tim.o(.text.HAL_TIM_Base_Stop)
    HAL_TIM_ConfigClockSource                0x0800258d   Thumb Code   416  stm32f4xx_hal_tim.o(.text.HAL_TIM_ConfigClockSource)
    HAL_UART_Init                            0x0800272d   Thumb Code    96  stm32f4xx_hal_uart.o(.text.HAL_UART_Init)
    HAL_UART_MspInit                         0x0800278d   Thumb Code   118  stm32f4xx_hal_msp_1.o(.text.HAL_UART_MspInit)
    HAL_UART_Transmit                        0x08002805   Thumb Code   402  stm32f4xx_hal_uart.o(.text.HAL_UART_Transmit)
    HardFault_Handler                        0x08002999   Thumb Code     2  stm32f4xx_it_1.o(.text.HardFault_Handler)
    MX_ADC1_Init                             0x0800299d   Thumb Code   108  config_1.o(.text.MX_ADC1_Init)
    MX_DMA_Init                              0x08002a09   Thumb Code    56  config_1.o(.text.MX_DMA_Init)
    MX_GPIO_Init                             0x08002a41   Thumb Code   376  config_1.o(.text.MX_GPIO_Init)
    MX_TIM2_Init                             0x08002bb9   Thumb Code   112  config_1.o(.text.MX_TIM2_Init)
    MX_USART3_UART_Init                      0x08002c29   Thumb Code    58  config_1.o(.text.MX_USART3_UART_Init)
    MX_USB_OTG_FS_PCD_Init                   0x08002c65   Thumb Code    54  config_1.o(.text.MX_USB_OTG_FS_PCD_Init)
    MemManage_Handler                        0x08002c9d   Thumb Code     2  stm32f4xx_it_1.o(.text.MemManage_Handler)
    NMI_Handler                              0x08002ca1   Thumb Code     2  stm32f4xx_it_1.o(.text.NMI_Handler)
    PendSV_Handler                           0x08002ca5   Thumb Code     2  stm32f4xx_it_1.o(.text.PendSV_Handler)
    SVC_Handler                              0x08002ca9   Thumb Code     2  stm32f4xx_it_1.o(.text.SVC_Handler)
    SysTick_Handler                          0x08002cad   Thumb Code     4  stm32f4xx_it_1.o(.text.SysTick_Handler)
    SystemClock_Config                       0x08002cb1   Thumb Code   172  config_1.o(.text.SystemClock_Config)
    SystemInit                               0x08002d5d   Thumb Code    18  system_stm32f4xx.o(.text.SystemInit)
    TIM_Base_SetConfig                       0x08002d71   Thumb Code   324  stm32f4xx_hal_tim.o(.text.TIM_Base_SetConfig)
    USB_CoreInit                             0x08002f9d   Thumb Code   530  stm32f4xx_ll_usb.o(.text.USB_CoreInit)
    USB_DevDisconnect                        0x080031b1   Thumb Code    30  stm32f4xx_ll_usb.o(.text.USB_DevDisconnect)
    USB_DevInit                              0x080031d1   Thumb Code  1202  stm32f4xx_ll_usb.o(.text.USB_DevInit)
    USB_DisableGlobalInt                     0x08003685   Thumb Code    14  stm32f4xx_ll_usb.o(.text.USB_DisableGlobalInt)
    USB_SetCurrentMode                       0x08003695   Thumb Code   872  stm32f4xx_ll_usb.o(.text.USB_SetCurrentMode)
    UsageFault_Handler                       0x080039fd   Thumb Code     2  stm32f4xx_it_1.o(.text.UsageFault_Handler)
    main                                     0x08003a01   Thumb Code   208  main_1.o(.text.main)
    print_msg                                0x08003ae1   Thumb Code    30  config_1.o(.text.print_msg)
    _fp_init                                 0x08003aff   Thumb Code    26  fpinit.o(x$fpl$fpinit)
    __fplib_config_fpu_vfp                   0x08003b17   Thumb Code     0  fpinit.o(x$fpl$fpinit)
    __fplib_config_pureend_doubles           0x08003b17   Thumb Code     0  fpinit.o(x$fpl$fpinit)
    AHBPrescTable                            0x08003b18   Data          16  system_stm32f4xx.o(.rodata.AHBPrescTable)
    APBPrescTable                            0x08003b28   Data           8  system_stm32f4xx.o(.rodata.APBPrescTable)
    Region$$Table$$Base                      0x08003b38   Number         0  anon$$obj.o(Region$$Table)
    Region$$Table$$Limit                     0x08003b58   Number         0  anon$$obj.o(Region$$Table)
    uwTickFreq                               0x20000000   Data           1  stm32f4xx_hal.o(.data..L_MergedGlobals)
    uwTickPrio                               0x20000004   Data           4  stm32f4xx_hal.o(.data..L_MergedGlobals)
    SystemCoreClock                          0x20000008   Data           4  system_stm32f4xx.o(.data.SystemCoreClock)
    __libspace_start                         0x20000010   Data          96  libspace.o(.bss)
    ADC_full                                 0x20000070   Data           1  main_1.o(.bss..L_MergedGlobals)
    __temporary_stack_top$libspace           0x20000070   Data           0  libspace.o(.bss)
    hadc1                                    0x20000074   Data          72  main_1.o(.bss..L_MergedGlobals)
    adc_buffer                               0x200000bc   Data        4096  main_1.o(.bss.adc_buffer)
    hdma_adc1                                0x200010bc   Data          96  main_1.o(.bss.hdma_adc1)
    hpcd_USB_OTG_FS                          0x2000111c   Data        1252  main_1.o(.bss.hpcd_USB_OTG_FS)
    htim2                                    0x20001600   Data          72  main_1.o(.bss.htim2)
    huart3                                   0x20001648   Data          72  main_1.o(.bss.huart3)
    msg                                      0x20001690   Data         100  main_1.o(.bss.msg)
    uwTick                                   0x200016f4   Data           4  stm32f4xx_hal.o(.bss.uwTick)



==============================================================================

Memory Map of the image

  Image Entry point : 0x080001c5

  Load Region LR_IROM1 (Base: 0x08000000, Size: 0x00003b68, Max: 0x00080000, ABSOLUTE)

    Execution Region ER_IROM1 (Exec base: 0x08000000, Load base: 0x08000000, Size: 0x00003b58, Max: 0x00080000, ABSOLUTE)

    Exec Addr    Load Addr    Size         Type   Attr      Idx    E Section Name        Object

    0x08000000   0x08000000   0x000001c4   Data   RO            3    RESET               startup_stm32f446xx.o
    0x080001c4   0x080001c4   0x00000008   Code   RO         1337  * !!!main             c_w.l(__main.o)
    0x080001cc   0x080001cc   0x0000005c   Code   RO         1521    !!!scatter          c_w.l(__scatter.o)
    0x08000228   0x08000228   0x0000001a   Code   RO         1525    !!handler_copy      c_w.l(__scatter_copy.o)
    0x08000242   0x08000242   0x00000002   PAD
    0x08000244   0x08000244   0x00000002   Code   RO         1522    !!handler_null      c_w.l(__scatter.o)
    0x08000246   0x08000246   0x00000002   PAD
    0x08000248   0x08000248   0x0000001c   Code   RO         1527    !!handler_zi        c_w.l(__scatter_zi.o)
    0x08000264   0x08000264   0x00000000   Code   RO         1330    .ARM.Collect$$_printf_percent$$00000000  c_w.l(_printf_percent.o)
    0x08000264   0x08000264   0x00000006   Code   RO         1328    .ARM.Collect$$_printf_percent$$00000009  c_w.l(_printf_d.o)
    0x0800026a   0x0800026a   0x00000006   Code   RO         1329    .ARM.Collect$$_printf_percent$$0000000A  c_w.l(_printf_u.o)
    0x08000270   0x08000270   0x00000004   Code   RO         1350    .ARM.Collect$$_printf_percent$$00000017  c_w.l(_printf_percent_end.o)
    0x08000274   0x08000274   0x00000002   Code   RO         1383    .ARM.Collect$$libinit$$00000000  c_w.l(libinit.o)
    0x08000276   0x08000276   0x00000004   Code   RO         1395    .ARM.Collect$$libinit$$00000001  c_w.l(libinit2.o)
    0x0800027a   0x0800027a   0x00000000   Code   RO         1398    .ARM.Collect$$libinit$$00000004  c_w.l(libinit2.o)
    0x0800027a   0x0800027a   0x00000000   Code   RO         1400    .ARM.Collect$$libinit$$00000006  c_w.l(libinit2.o)
    0x0800027a   0x0800027a   0x00000000   Code   RO         1403    .ARM.Collect$$libinit$$0000000C  c_w.l(libinit2.o)
    0x0800027a   0x0800027a   0x00000000   Code   RO         1405    .ARM.Collect$$libinit$$0000000E  c_w.l(libinit2.o)
    0x0800027a   0x0800027a   0x00000000   Code   RO         1407    .ARM.Collect$$libinit$$00000010  c_w.l(libinit2.o)
    0x0800027a   0x0800027a   0x00000000   Code   RO         1410    .ARM.Collect$$libinit$$00000013  c_w.l(libinit2.o)
    0x0800027a   0x0800027a   0x00000000   Code   RO         1412    .ARM.Collect$$libinit$$00000015  c_w.l(libinit2.o)
    0x0800027a   0x0800027a   0x00000000   Code   RO         1414    .ARM.Collect$$libinit$$00000017  c_w.l(libinit2.o)
    0x0800027a   0x0800027a   0x00000000   Code   RO         1416    .ARM.Collect$$libinit$$00000019  c_w.l(libinit2.o)
    0x0800027a   0x0800027a   0x00000000   Code   RO         1418    .ARM.Collect$$libinit$$0000001B  c_w.l(libinit2.o)
    0x0800027a   0x0800027a   0x00000000   Code   RO         1420    .ARM.Collect$$libinit$$0000001D  c_w.l(libinit2.o)
    0x0800027a   0x0800027a   0x00000000   Code   RO         1422    .ARM.Collect$$libinit$$0000001F  c_w.l(libinit2.o)
    0x0800027a   0x0800027a   0x00000000   Code   RO         1424    .ARM.Collect$$libinit$$00000021  c_w.l(libinit2.o)
    0x0800027a   0x0800027a   0x00000000   Code   RO         1426    .ARM.Collect$$libinit$$00000023  c_w.l(libinit2.o)
    0x0800027a   0x0800027a   0x00000000   Code   RO         1428    .ARM.Collect$$libinit$$00000025  c_w.l(libinit2.o)
    0x0800027a   0x0800027a   0x00000000   Code   RO         1430    .ARM.Collect$$libinit$$00000027  c_w.l(libinit2.o)
    0x0800027a   0x0800027a   0x00000000   Code   RO         1434    .ARM.Collect$$libinit$$0000002E  c_w.l(libinit2.o)
    0x0800027a   0x0800027a   0x00000000   Code   RO         1436    .ARM.Collect$$libinit$$00000030  c_w.l(libinit2.o)
    0x0800027a   0x0800027a   0x00000000   Code   RO         1438    .ARM.Collect$$libinit$$00000032  c_w.l(libinit2.o)
    0x0800027a   0x0800027a   0x00000000   Code   RO         1440    .ARM.Collect$$libinit$$00000034  c_w.l(libinit2.o)
    0x0800027a   0x0800027a   0x00000002   Code   RO         1441    .ARM.Collect$$libinit$$00000035  c_w.l(libinit2.o)
    0x0800027c   0x0800027c   0x00000002   Code   RO         1476    .ARM.Collect$$libshutdown$$00000000  c_w.l(libshutdown.o)
    0x0800027e   0x0800027e   0x00000000   Code   RO         1504    .ARM.Collect$$libshutdown$$00000002  c_w.l(libshutdown2.o)
    0x0800027e   0x0800027e   0x00000000   Code   RO         1506    .ARM.Collect$$libshutdown$$00000004  c_w.l(libshutdown2.o)
    0x0800027e   0x0800027e   0x00000000   Code   RO         1509    .ARM.Collect$$libshutdown$$00000007  c_w.l(libshutdown2.o)
    0x0800027e   0x0800027e   0x00000000   Code   RO         1512    .ARM.Collect$$libshutdown$$0000000A  c_w.l(libshutdown2.o)
    0x0800027e   0x0800027e   0x00000000   Code   RO         1514    .ARM.Collect$$libshutdown$$0000000C  c_w.l(libshutdown2.o)
    0x0800027e   0x0800027e   0x00000000   Code   RO         1517    .ARM.Collect$$libshutdown$$0000000F  c_w.l(libshutdown2.o)
    0x0800027e   0x0800027e   0x00000002   Code   RO         1518    .ARM.Collect$$libshutdown$$00000010  c_w.l(libshutdown2.o)
    0x08000280   0x08000280   0x00000000   Code   RO         1339    .ARM.Collect$$rtentry$$00000000  c_w.l(__rtentry.o)
    0x08000280   0x08000280   0x00000000   Code   RO         1352    .ARM.Collect$$rtentry$$00000002  c_w.l(__rtentry2.o)
    0x08000280   0x08000280   0x00000006   Code   RO         1364    .ARM.Collect$$rtentry$$00000004  c_w.l(__rtentry4.o)
    0x08000286   0x08000286   0x00000000   Code   RO         1354    .ARM.Collect$$rtentry$$00000009  c_w.l(__rtentry2.o)
    0x08000286   0x08000286   0x00000004   Code   RO         1355    .ARM.Collect$$rtentry$$0000000A  c_w.l(__rtentry2.o)
    0x0800028a   0x0800028a   0x00000000   Code   RO         1357    .ARM.Collect$$rtentry$$0000000C  c_w.l(__rtentry2.o)
    0x0800028a   0x0800028a   0x00000008   Code   RO         1358    .ARM.Collect$$rtentry$$0000000D  c_w.l(__rtentry2.o)
    0x08000292   0x08000292   0x00000002   Code   RO         1387    .ARM.Collect$$rtexit$$00000000  c_w.l(rtexit.o)
    0x08000294   0x08000294   0x00000000   Code   RO         1447    .ARM.Collect$$rtexit$$00000002  c_w.l(rtexit2.o)
    0x08000294   0x08000294   0x00000004   Code   RO         1448    .ARM.Collect$$rtexit$$00000003  c_w.l(rtexit2.o)
    0x08000298   0x08000298   0x00000006   Code   RO         1449    .ARM.Collect$$rtexit$$00000004  c_w.l(rtexit2.o)
    0x0800029e   0x0800029e   0x00000002   PAD
    0x080002a0   0x080002a0   0x00000040   Code   RO            4    .text               startup_stm32f446xx.o
    0x080002e0   0x080002e0   0x000000f0   Code   RO         1298    .text               c_w.l(lludivv7m.o)
    0x080003d0   0x080003d0   0x00000028   Code   RO         1302    .text               c_w.l(noretval__2sprintf.o)
    0x080003f8   0x080003f8   0x00000068   Code   RO         1304    .text               c_w.l(__printf.o)
    0x08000460   0x08000460   0x00000078   Code   RO         1306    .text               c_w.l(_printf_dec.o)
    0x080004d8   0x080004d8   0x0000003e   Code   RO         1331    .text               c_w.l(strlen.o)
    0x08000516   0x08000516   0x0000004e   Code   RO         1333    .text               c_w.l(rt_memclr_w.o)
    0x08000564   0x08000564   0x00000006   Code   RO         1335    .text               c_w.l(heapauxi.o)
    0x0800056a   0x0800056a   0x000000b2   Code   RO         1344    .text               c_w.l(_printf_intcommon.o)
    0x0800061c   0x0800061c   0x00000030   Code   RO         1346    .text               c_w.l(_printf_char_common.o)
    0x0800064c   0x0800064c   0x0000000a   Code   RO         1348    .text               c_w.l(_sputc.o)
    0x08000656   0x08000656   0x0000004a   Code   RO         1370    .text               c_w.l(sys_stackheap_outer.o)
    0x080006a0   0x080006a0   0x00000012   Code   RO         1372    .text               c_w.l(exit.o)
    0x080006b2   0x080006b2   0x00000002   PAD
    0x080006b4   0x080006b4   0x00000008   Code   RO         1384    .text               c_w.l(libspace.o)
    0x080006bc   0x080006bc   0x0000000c   Code   RO         1442    .text               c_w.l(sys_exit.o)
    0x080006c8   0x080006c8   0x00000002   Code   RO         1465    .text               c_w.l(use_no_semi.o)
    0x080006ca   0x080006ca   0x00000000   Code   RO         1467    .text               c_w.l(indicate_semi.o)
    0x080006ca   0x080006ca   0x00000002   PAD
    0x080006cc   0x080006cc   0x0000006e   Code   RO           41    .text.ADC_DMAConvCplt  stm32f4xx_hal_adc.o
    0x0800073a   0x0800073a   0x00000002   PAD
    0x0800073c   0x0800073c   0x00000012   Code   RO           45    .text.ADC_DMAError  stm32f4xx_hal_adc.o
    0x0800074e   0x0800074e   0x00000002   PAD
    0x08000750   0x08000750   0x00000006   Code   RO           43    .text.ADC_DMAHalfConvCplt  stm32f4xx_hal_adc.o
    0x08000756   0x08000756   0x00000002   PAD
    0x08000758   0x08000758   0x00000002   Code   RO         1270    .text.BusFault_Handler  stm32f4xx_it_1.o
    0x0800075a   0x0800075a   0x00000002   PAD
    0x0800075c   0x0800075c   0x0000000c   Code   RO         1288    .text.DMA2_Stream0_IRQHandler  stm32f4xx_it_1.o
    0x08000768   0x08000768   0x00000002   Code   RO         1276    .text.DebugMon_Handler  stm32f4xx_it_1.o
    0x0800076a   0x0800076a   0x00000002   PAD
    0x0800076c   0x0800076c   0x00000008   Code   RO         1286    .text.EXTI15_10_IRQHandler  stm32f4xx_it_1.o
    0x08000774   0x08000774   0x00000006   Code   RO         1282    .text.EXTI4_IRQHandler  stm32f4xx_it_1.o
    0x0800077a   0x0800077a   0x00000002   PAD
    0x0800077c   0x0800077c   0x00000018   Code   RO         1284    .text.EXTI9_5_IRQHandler  stm32f4xx_it_1.o
    0x08000794   0x08000794   0x00000006   Code   RO         1195    .text.Error_Handler  config_1.o
    0x0800079a   0x0800079a   0x00000002   PAD
    0x0800079c   0x0800079c   0x00000170   Code   RO           53    .text.HAL_ADC_ConfigChannel  stm32f4xx_hal_adc.o
    0x0800090c   0x0800090c   0x0000002e   Code   RO         1219    .text.HAL_ADC_ConvCpltCallback  main_1.o
    0x0800093a   0x0800093a   0x00000002   PAD
    0x0800093c   0x0800093c   0x00000002   Code   RO           51    .text.HAL_ADC_ConvHalfCpltCallback  stm32f4xx_hal_adc.o
    0x0800093e   0x0800093e   0x00000002   PAD
    0x08000940   0x08000940   0x00000002   Code   RO           37    .text.HAL_ADC_ErrorCallback  stm32f4xx_hal_adc.o
    0x08000942   0x08000942   0x00000002   PAD
    0x08000944   0x08000944   0x0000015c   Code   RO           11    .text.HAL_ADC_Init  stm32f4xx_hal_adc.o
    0x08000aa0   0x08000aa0   0x000000ca   Code   RO         1240    .text.HAL_ADC_MspInit  stm32f4xx_hal_msp_1.o
    0x08000b6a   0x08000b6a   0x00000002   PAD
    0x08000b6c   0x08000b6c   0x000001a6   Code   RO           39    .text.HAL_ADC_Start_DMA  stm32f4xx_hal_adc.o
    0x08000d12   0x08000d12   0x00000002   PAD
    0x08000d14   0x08000d14   0x0000007e   Code   RO           47    .text.HAL_ADC_Stop_DMA  stm32f4xx_hal_adc.o
    0x08000d92   0x08000d92   0x00000002   PAD
    0x08000d94   0x08000d94   0x0000008e   Code   RO          298    .text.HAL_DMA_Abort  stm32f4xx_hal_dma.o
    0x08000e22   0x08000e22   0x00000002   PAD
    0x08000e24   0x08000e24   0x000001c4   Code   RO          304    .text.HAL_DMA_IRQHandler  stm32f4xx_hal_dma.o
    0x08000fe8   0x08000fe8   0x00000162   Code   RO          290    .text.HAL_DMA_Init  stm32f4xx_hal_dma.o
    0x0800114a   0x0800114a   0x00000002   PAD
    0x0800114c   0x0800114c   0x000000a2   Code   RO          296    .text.HAL_DMA_Start_IT  stm32f4xx_hal_dma.o
    0x080011ee   0x080011ee   0x00000002   PAD
    0x080011f0   0x080011f0   0x00000028   Code   RO          463    .text.HAL_Delay     stm32f4xx_hal.o
    0x08001218   0x08001218   0x00000002   Code   RO          266    .text.HAL_GPIO_EXTI_Callback  stm32f4xx_hal_gpio.o
    0x0800121a   0x0800121a   0x00000002   PAD
    0x0800121c   0x0800121c   0x00000016   Code   RO          264    .text.HAL_GPIO_EXTI_IRQHandler  stm32f4xx_hal_gpio.o
    0x08001232   0x08001232   0x00000002   PAD
    0x08001234   0x08001234   0x0000019e   Code   RO          252    .text.HAL_GPIO_Init  stm32f4xx_hal_gpio.o
    0x080013d2   0x080013d2   0x00000002   PAD
    0x080013d4   0x080013d4   0x0000000a   Code   RO          256    .text.HAL_GPIO_ReadPin  stm32f4xx_hal_gpio.o
    0x080013de   0x080013de   0x00000002   PAD
    0x080013e0   0x080013e0   0x00000010   Code   RO          260    .text.HAL_GPIO_TogglePin  stm32f4xx_hal_gpio.o
    0x080013f0   0x080013f0   0x0000000a   Code   RO          258    .text.HAL_GPIO_WritePin  stm32f4xx_hal_gpio.o
    0x080013fa   0x080013fa   0x00000002   PAD
    0x080013fc   0x080013fc   0x0000000c   Code   RO          455    .text.HAL_GetTick   stm32f4xx_hal.o
    0x08001408   0x08001408   0x0000001a   Code   RO          453    .text.HAL_IncTick   stm32f4xx_hal.o
    0x08001422   0x08001422   0x00000002   PAD
    0x08001424   0x08001424   0x00000036   Code   RO          443    .text.HAL_Init      stm32f4xx_hal.o
    0x0800145a   0x0800145a   0x00000002   PAD
    0x0800145c   0x0800145c   0x00000048   Code   RO          445    .text.HAL_InitTick  stm32f4xx_hal.o
    0x080014a4   0x080014a4   0x00000038   Code   RO         1238    .text.HAL_MspInit   stm32f4xx_hal_msp_1.o
    0x080014dc   0x080014dc   0x00000022   Code   RO          395    .text.HAL_NVIC_EnableIRQ  stm32f4xx_hal_cortex.o
    0x080014fe   0x080014fe   0x00000002   PAD
    0x08001500   0x08001500   0x00000056   Code   RO          393    .text.HAL_NVIC_SetPriority  stm32f4xx_hal_cortex.o
    0x08001556   0x08001556   0x00000002   PAD
    0x08001558   0x08001558   0x00000020   Code   RO          391    .text.HAL_NVIC_SetPriorityGrouping  stm32f4xx_hal_cortex.o
    0x08001578   0x08001578   0x00000026   Code   RO         1056    .text.HAL_PCDEx_ActivateLPM  stm32f4xx_hal_pcd_ex.o
    0x0800159e   0x0800159e   0x00000002   PAD
    0x080015a0   0x080015a0   0x0000027a   Code   RO          974    .text.HAL_PCD_Init  stm32f4xx_hal_pcd.o
    0x0800181a   0x0800181a   0x00000002   PAD
    0x0800181c   0x0800181c   0x000000b0   Code   RO         1252    .text.HAL_PCD_MspInit  stm32f4xx_hal_msp_1.o
    0x080018cc   0x080018cc   0x0000043e   Code   RO          144    .text.HAL_RCCEx_PeriphCLKConfig  stm32f4xx_hal_rcc_ex.o
    0x08001d0a   0x08001d0a   0x00000002   PAD
    0x08001d0c   0x08001d0c   0x00000164   Code   RO          112    .text.HAL_RCC_ClockConfig  stm32f4xx_hal_rcc.o
    0x08001e70   0x08001e70   0x00000026   Code   RO          124    .text.HAL_RCC_GetPCLK1Freq  stm32f4xx_hal_rcc.o
    0x08001e96   0x08001e96   0x00000002   PAD
    0x08001e98   0x08001e98   0x00000026   Code   RO          126    .text.HAL_RCC_GetPCLK2Freq  stm32f4xx_hal_rcc.o
    0x08001ebe   0x08001ebe   0x00000002   PAD
    0x08001ec0   0x08001ec0   0x000000a2   Code   RO          160    .text.HAL_RCC_GetSysClockFreq  stm32f4xx_hal_rcc_ex.o
    0x08001f62   0x08001f62   0x00000002   PAD
    0x08001f64   0x08001f64   0x000003dc   Code   RO          164    .text.HAL_RCC_OscConfig  stm32f4xx_hal_rcc_ex.o
    0x08002340   0x08002340   0x0000002c   Code   RO          403    .text.HAL_SYSTICK_Config  stm32f4xx_hal_cortex.o
    0x0800236c   0x0800236c   0x000000ba   Code   RO          828    .text.HAL_TIMEx_MasterConfigSynchronization  stm32f4xx_hal_tim_ex.o
    0x08002426   0x08002426   0x00000002   PAD
    0x08002428   0x08002428   0x0000005a   Code   RO          533    .text.HAL_TIM_Base_Init  stm32f4xx_hal_tim.o
    0x08002482   0x08002482   0x00000002   PAD
    0x08002484   0x08002484   0x0000002e   Code   RO         1244    .text.HAL_TIM_Base_MspInit  stm32f4xx_hal_msp_1.o
    0x080024b2   0x080024b2   0x00000002   PAD
    0x080024b4   0x080024b4   0x000000a2   Code   RO          543    .text.HAL_TIM_Base_Start  stm32f4xx_hal_tim.o
    0x08002556   0x08002556   0x00000002   PAD
    0x08002558   0x08002558   0x00000034   Code   RO          545    .text.HAL_TIM_Base_Stop  stm32f4xx_hal_tim.o
    0x0800258c   0x0800258c   0x000001a0   Code   RO          713    .text.HAL_TIM_ConfigClockSource  stm32f4xx_hal_tim.o
    0x0800272c   0x0800272c   0x00000060   Code   RO          852    .text.HAL_UART_Init  stm32f4xx_hal_uart.o
    0x0800278c   0x0800278c   0x00000076   Code   RO         1248    .text.HAL_UART_MspInit  stm32f4xx_hal_msp_1.o
    0x08002802   0x08002802   0x00000002   PAD
    0x08002804   0x08002804   0x00000192   Code   RO          868    .text.HAL_UART_Transmit  stm32f4xx_hal_uart.o
    0x08002996   0x08002996   0x00000002   PAD
    0x08002998   0x08002998   0x00000002   Code   RO         1266    .text.HardFault_Handler  stm32f4xx_it_1.o
    0x0800299a   0x0800299a   0x00000002   PAD
    0x0800299c   0x0800299c   0x0000006c   Code   RO         1197    .text.MX_ADC1_Init  config_1.o
    0x08002a08   0x08002a08   0x00000038   Code   RO         1205    .text.MX_DMA_Init   config_1.o
    0x08002a40   0x08002a40   0x00000178   Code   RO         1207    .text.MX_GPIO_Init  config_1.o
    0x08002bb8   0x08002bb8   0x00000070   Code   RO         1199    .text.MX_TIM2_Init  config_1.o
    0x08002c28   0x08002c28   0x0000003a   Code   RO         1201    .text.MX_USART3_UART_Init  config_1.o
    0x08002c62   0x08002c62   0x00000002   PAD
    0x08002c64   0x08002c64   0x00000036   Code   RO         1203    .text.MX_USB_OTG_FS_PCD_Init  config_1.o
    0x08002c9a   0x08002c9a   0x00000002   PAD
    0x08002c9c   0x08002c9c   0x00000002   Code   RO         1268    .text.MemManage_Handler  stm32f4xx_it_1.o
    0x08002c9e   0x08002c9e   0x00000002   PAD
    0x08002ca0   0x08002ca0   0x00000002   Code   RO         1264    .text.NMI_Handler   stm32f4xx_it_1.o
    0x08002ca2   0x08002ca2   0x00000002   PAD
    0x08002ca4   0x08002ca4   0x00000002   Code   RO         1278    .text.PendSV_Handler  stm32f4xx_it_1.o
    0x08002ca6   0x08002ca6   0x00000002   PAD
    0x08002ca8   0x08002ca8   0x00000002   Code   RO         1274    .text.SVC_Handler   stm32f4xx_it_1.o
    0x08002caa   0x08002caa   0x00000002   PAD
    0x08002cac   0x08002cac   0x00000004   Code   RO         1280    .text.SysTick_Handler  stm32f4xx_it_1.o
    0x08002cb0   0x08002cb0   0x000000ac   Code   RO         1193    .text.SystemClock_Config  config_1.o
    0x08002d5c   0x08002d5c   0x00000012   Code   RO         1176    .text.SystemInit    system_stm32f4xx.o
    0x08002d6e   0x08002d6e   0x00000002   PAD
    0x08002d70   0x08002d70   0x00000144   Code   RO          537    .text.TIM_Base_SetConfig  stm32f4xx_hal_tim.o
    0x08002eb4   0x08002eb4   0x000000e6   Code   RO          856    .text.UART_SetConfig  stm32f4xx_hal_uart.o
    0x08002f9a   0x08002f9a   0x00000002   PAD
    0x08002f9c   0x08002f9c   0x00000212   Code   RO         1072    .text.USB_CoreInit  stm32f4xx_ll_usb.o
    0x080031ae   0x080031ae   0x00000002   PAD
    0x080031b0   0x080031b0   0x0000001e   Code   RO         1120    .text.USB_DevDisconnect  stm32f4xx_ll_usb.o
    0x080031ce   0x080031ce   0x00000002   PAD
    0x080031d0   0x080031d0   0x000004b2   Code   RO         1084    .text.USB_DevInit   stm32f4xx_ll_usb.o
    0x08003682   0x08003682   0x00000002   PAD
    0x08003684   0x08003684   0x0000000e   Code   RO         1078    .text.USB_DisableGlobalInt  stm32f4xx_ll_usb.o
    0x08003692   0x08003692   0x00000002   PAD
    0x08003694   0x08003694   0x00000368   Code   RO         1080    .text.USB_SetCurrentMode  stm32f4xx_ll_usb.o
    0x080039fc   0x080039fc   0x00000002   Code   RO         1272    .text.UsageFault_Handler  stm32f4xx_it_1.o
    0x080039fe   0x080039fe   0x00000002   PAD
    0x08003a00   0x08003a00   0x000000e0   Code   RO         1217    .text.main          main_1.o
    0x08003ae0   0x08003ae0   0x0000001e   Code   RO         1191    .text.print_msg     config_1.o
    0x08003afe   0x08003afe   0x0000001a   Code   RO         1459    x$fpl$fpinit        fz_wm.l(fpinit.o)
    0x08003b18   0x08003b18   0x00000010   Data   RO         1181    .rodata.AHBPrescTable  system_stm32f4xx.o
    0x08003b28   0x08003b28   0x00000008   Data   RO         1182    .rodata.APBPrescTable  system_stm32f4xx.o
    0x08003b30   0x08003b30   0x00000008   Data   RO          314    .rodata.cst8        stm32f4xx_hal_dma.o
    0x08003b38   0x08003b38   0x00000020   Data   RO         1520    Region$$Table       anon$$obj.o


    Execution Region RW_IRAM1 (Exec base: 0x20000000, Load base: 0x08003b58, Size: 0x00001cf8, Max: 0x00020000, ABSOLUTE)

    Exec Addr    Load Addr    Size         Type   Attr      Idx    E Section Name        Object

    0x20000000   0x08003b58   0x00000008   Data   RW          498    .data..L_MergedGlobals  stm32f4xx_hal.o
    0x20000008   0x08003b60   0x00000004   Data   RW         1180    .data.SystemCoreClock  system_stm32f4xx.o
    0x2000000c   0x08003b64   0x00000004   PAD
    0x20000010        -       0x00000060   Zero   RW         1385    .bss                c_w.l(libspace.o)
    0x20000070        -       0x0000004c   Zero   RW         1229    .bss..L_MergedGlobals  main_1.o
    0x200000bc        -       0x00001000   Zero   RW         1221    .bss.adc_buffer     main_1.o
    0x200010bc        -       0x00000060   Zero   RW         1224    .bss.hdma_adc1      main_1.o
    0x2000111c        -       0x000004e4   Zero   RW         1226    .bss.hpcd_USB_OTG_FS  main_1.o
    0x20001600        -       0x00000048   Zero   RW         1222    .bss.htim2          main_1.o
    0x20001648        -       0x00000048   Zero   RW         1225    .bss.huart3         main_1.o
    0x20001690        -       0x00000064   Zero   RW         1223    .bss.msg            main_1.o
    0x200016f4        -       0x00000004   Zero   RW          497    .bss.uwTick         stm32f4xx_hal.o
    0x200016f8        -       0x00000200   Zero   RW            2    HEAP                startup_stm32f446xx.o
    0x200018f8        -       0x00000400   Zero   RW            1    STACK               startup_stm32f446xx.o


==============================================================================

Image component sizes


      Code (inc. data)   RO Data    RW Data    ZI Data      Debug   Object Name

       972          0          0          0          0      12559   config_1.o
       270         16          0          0       5764       9024   main_1.o
        64         26        452          0       1536        872   startup_stm32f446xx.o
       204          0          0          8          4       7545   stm32f4xx_hal.o
      1402          0          0          0          0      12350   stm32f4xx_hal_adc.o
       196          0          0          0          0      10873   stm32f4xx_hal_cortex.o
      1110          6          8          0          0      10583   stm32f4xx_hal_dma.o
       474          0          0          0          0       5516   stm32f4xx_hal_gpio.o
       598          0          0          0          0      12342   stm32f4xx_hal_msp_1.o
       634          0          0          0          0      17509   stm32f4xx_hal_pcd.o
        38          0          0          0          0       5369   stm32f4xx_hal_pcd_ex.o
       432          0          0          0          0       7615   stm32f4xx_hal_rcc.o
      2236          4          0          0          0      11201   stm32f4xx_hal_rcc_ex.o
      1044          0          0          0          0      57389   stm32f4xx_hal_tim.o
       186          0          0          0          0      21536   stm32f4xx_hal_tim_ex.o
       728          0          0          0          0      32193   stm32f4xx_hal_uart.o
        70          0          0          0          0       3346   stm32f4xx_it_1.o
      2648          0          0          0          0      40068   stm32f4xx_ll_usb.o
        18          0         24          4          0       2787   system_stm32f4xx.o

    ----------------------------------------------------------------------
     13426         52        516         12       7308     280677   Object Totals
         0          0         32          0          0          0   (incl. Generated)
       102          0          0          0          4          0   (incl. Padding)

    ----------------------------------------------------------------------

      Code (inc. data)   RO Data    RW Data    ZI Data      Debug   Library Member Name

         8          0          0          0          0         68   __main.o
       104          0          0          0          0         84   __printf.o
         0          0          0          0          0          0   __rtentry.o
        12          0          0          0          0          0   __rtentry2.o
         6          0          0          0          0          0   __rtentry4.o
        94          8          0          0          0          0   __scatter.o
        26          0          0          0          0          0   __scatter_copy.o
        28          0          0          0          0          0   __scatter_zi.o
        48          6          0          0          0         96   _printf_char_common.o
         6          0          0          0          0          0   _printf_d.o
       120         16          0          0          0         92   _printf_dec.o
       178          0          0          0          0         88   _printf_intcommon.o
         0          0          0          0          0          0   _printf_percent.o
         4          0          0          0          0          0   _printf_percent_end.o
         6          0          0          0          0          0   _printf_u.o
        10          0          0          0          0         68   _sputc.o
        18          0          0          0          0         80   exit.o
         6          0          0          0          0        152   heapauxi.o
         0          0          0          0          0          0   indicate_semi.o
         2          0          0          0          0          0   libinit.o
         6          0          0          0          0          0   libinit2.o
         2          0          0          0          0          0   libshutdown.o
         2          0          0          0          0          0   libshutdown2.o
         8          4          0          0         96         68   libspace.o
       240          0          0          0          0        100   lludivv7m.o
        40          6          0          0          0         84   noretval__2sprintf.o
        78          0          0          0          0         80   rt_memclr_w.o
         2          0          0          0          0          0   rtexit.o
        10          0          0          0          0          0   rtexit2.o
        62          0          0          0          0         76   strlen.o
        12          4          0          0          0         68   sys_exit.o
        74          0          0          0          0         80   sys_stackheap_outer.o
         2          0          0          0          0         68   use_no_semi.o
        26          0          0          0          0        116   fpinit.o

    ----------------------------------------------------------------------
      1250         44          0          0         96       1468   Library Totals
        10          0          0          0          0          0   (incl. Padding)

    ----------------------------------------------------------------------

      Code (inc. data)   RO Data    RW Data    ZI Data      Debug   Library Name

      1214         44          0          0         96       1352   c_w.l
        26          0          0          0          0        116   fz_wm.l

    ----------------------------------------------------------------------
      1250         44          0          0         96       1468   Library Totals

    ----------------------------------------------------------------------

==============================================================================


      Code (inc. data)   RO Data    RW Data    ZI Data      Debug   

     14676         96        516         12       7404     281249   Grand Totals
     14676         96        516         12       7404     281249   ELF Image Totals
     14676         96        516         12          0          0   ROM Totals

==============================================================================

    Total RO  Size (Code + RO Data)                15192 (  14.84kB)
    Total RW  Size (RW Data + ZI Data)              7416 (   7.24kB)
    Total ROM Size (Code + RO Data + RW Data)      15204 (  14.85kB)

==============================================================================

