<html>
<body>
<pre>
<h1>µVision Build Log</h1>
<h2>Tool Versions:</h2>
IDE-Version: µVision V5.41.0.0
Copyright (C) 2024 ARM Ltd and ARM Germany GmbH. All rights reserved.
License Information: Ryan Qi, UofT, LIC=----
 
Tool Versions:
Toolchain:       MDK-Lite  Version: 5.41.0.0
Toolchain Path:  C:\Users\ryan2\AppData\Local\Keil_v5\ARM\ARMCLANG\Bin
C Compiler:      ArmClang.exe V6.22
Assembler:       Armasm.exe V6.22
Linker/Locator:  ArmLink.exe V6.22
Library Manager: ArmAr.exe V6.22
Hex Converter:   FromElf.exe V6.22
CPU DLL:         SARMCM3.DLL V5.41.0.0
Dialog DLL:      DCM.DLL V1.17.5.0
Target DLL:      STLink\ST-LINKIII-KEIL_SWO.dll V3.3.0.0
Dialog DLL:      TCM.DLL V1.56.4.0
 
<h2>Project:</h2>
C:\Users\ryan2\Documents\Y3_S2\EMBEDDED\flying_probe_tester\ADC_Testing3\MDK-ARM\ADC_Testing2.uvprojx
Project File Date:  03/27/2025

<h2>Output:</h2>
*** Using Compiler 'V6.22', folder: 'C:\Users\ryan2\AppData\Local\Keil_v5\ARM\ARMCLANG\Bin'
Build target 'ADC_Testing2'
Note: source file '..\..\ADC_Testing3\Core\Src\config.c' - object file renamed from 'ADC_Testing2\config.o' to 'ADC_Testing2\config_1.o'.
Note: source file '..\..\ADC_Testing3\Core\Src\main.c' - object file renamed from 'ADC_Testing2\main.o' to 'ADC_Testing2\main_1.o'.
Note: source file '..\..\ADC_Testing3\Core\Src\stm32f4xx_hal_msp.c' - object file renamed from 'ADC_Testing2\stm32f4xx_hal_msp.o' to 'ADC_Testing2\stm32f4xx_hal_msp_1.o'.
Note: source file '..\..\ADC_Testing3\Core\Src\stm32f4xx_it.c' - object file renamed from 'ADC_Testing2\stm32f4xx_it.o' to 'ADC_Testing2\stm32f4xx_it_1.o'.
compiling main.c...
linking...
Program Size: Code=14676 RO-data=516 RW-data=12 ZI-data=7404  
FromELF: creating hex file...
"ADC_Testing2\ADC_Testing2.axf" - 0 Error(s), 0 Warning(s).

<h2>Software Packages used:</h2>

Package Vendor: ARM
                https://www.keil.com/pack/ARM.CMSIS.6.1.0.pack
                ARM::CMSIS@6.1.0
                CMSIS (Common Microcontroller Software Interface Standard)
   * Component: CORE Version: 6.1.0

Package Vendor: Keil
                https://www.keil.com/pack/Keil.STM32F4xx_DFP.3.0.0.pack
                Keil::STM32F4xx_DFP@3.0.0
                STMicroelectronics STM32F4 Series Device Support

<h2>Collection of Component include folders:</h2>
  ./RTE/_ADC_Testing2
  C:/Users/ryan2/AppData/Local/Arm/Packs/ARM/CMSIS/6.1.0/CMSIS/Core/Include

<h2>Collection of Component Files used:</h2>

   * Component: ARM::CMSIS:CORE@6.1.0
      Include file:  CMSIS/Core/Include/tz_context.h
Build Time Elapsed:  00:00:01
</pre>
</body>
</html>
